******************************************************************************
                  TI ARM Linker PC v18.1.1                     
******************************************************************************
>> Linked Sun Nov 29 10:06:29 2020

OUTPUT FILE NAME:   <gyy.out>
ENTRY POINT SYMBOL: "_c_int00_noargs"  address: 000008a9


MEMORY CONFIGURATION

         name            origin    length      used     unused   attr    fill
----------------------  --------  ---------  --------  --------  ----  --------
  MAIN                  00000000   00040000  00000924  0003f6dc  R  X
  INFO                  00200000   00004000  00000000  00004000  R  X
  SRAM_CODE             01000000   00010000  0000021c  0000fde4  RW X
  SRAM_DATA             20000000   00010000  0000021c  0000fde4  RW  


SEGMENT ALLOCATION MAP

run origin  load origin   length   init length attrs members
----------  ----------- ---------- ----------- ----- -------
00000000    00000000    00000928   00000928    r-x
  00000000    00000000    000000e4   000000e4    r-- .intvecs
  000000e4    000000e4    00000820   00000820    r-x .text
  00000908    00000908    00000020   00000020    r-- .cinit
20000000    20000000    0000001c   00000000    rw-
  20000000    20000000    0000001c   00000000    rw- .data
2000fe00    2000fe00    00000200   00000000    rw-
  2000fe00    2000fe00    00000200   00000000    rw- .stack


SECTION ALLOCATION MAP

 output                                  attributes/
section   page    origin      length       input sections
--------  ----  ----------  ----------   ----------------
.intvecs   0    00000000    000000e4     
                  00000000    000000e4     startup_msp432p401r_ccs.obj (.intvecs:retain)

.text      0    000000e4    00000820     
                  000000e4    00000334     system_msp432p401r.obj (.text)
                  00000418    000001e0     Clock.obj (.text)
                  000005f8    00000168     main.obj (.text)
                  00000760    0000009c     rtsv7M4_T_le_v4SPD16_eabi.lib : memcpy_t2.asm.obj (.text)
                  000007fc    00000068                                   : copy_decompress_lzss.c.obj (.text:decompress:lzss:__TI_decompress_lzss)
                  00000864    00000044                                   : autoinit.c.obj (.text:__TI_auto_init_nobinit_nopinit:__TI_auto_init_nobinit_nopinit)
                  000008a8    00000038                                   : boot_cortex_m.c.obj (.text:_c_int00_noargs:_c_int00_noargs)
                  000008e0    0000000e                                   : copy_decompress_none.c.obj (.text:decompress:none:__TI_decompress_none)
                  000008ee    0000000e     startup_msp432p401r_ccs.obj (.text)
                  000008fc    00000004     rtsv7M4_T_le_v4SPD16_eabi.lib : pre_init.c.obj (.text:_system_pre_init)
                  00000900    00000004                                   : exit.c.obj (.text:abort:abort)

.cinit     0    00000908    00000020     
                  00000908    0000000d     (.cinit..data.load) [load image, compression = lzss]
                  00000915    00000003     --HOLE-- [fill = 0]
                  00000918    00000008     (__TI_handler_table)
                  00000920    00000008     (__TI_cinit_table)

.init_array 
*          0    00000000    00000000     UNINITIALIZED

.binit     0    00000000    00000000     

.data      0    20000000    0000001c     UNINITIALIZED
                  20000000    00000018     Clock.obj (.data)
                  20000018    00000004     system_msp432p401r.obj (.data)

.stack     0    2000fe00    00000200     UNINITIALIZED
                  2000fe00    00000004     rtsv7M4_T_le_v4SPD16_eabi.lib : boot_cortex_m.c.obj (.stack)
                  2000fe04    000001fc     --HOLE--

MODULE SUMMARY

       Module                        code   ro data   rw data
       ------                        ----   -------   -------
    .\
       system_msp432p401r.obj        820    0         8      
       Clock.obj                     480    0         48     
       main.obj                      360    0         0      
       startup_msp432p401r_ccs.obj   14     228       0      
    +--+-----------------------------+------+---------+---------+
       Total:                        1674   228       56     
                                                             
    C:\ti\ccs800\ccsv8\tools\compiler\ti-cgt-arm_18.1.1.LTS\lib\rtsv7M4_T_le_v4SPD16_eabi.lib
       memcpy_t2.asm.obj             156    0         0      
       copy_decompress_lzss.c.obj    104    0         0      
       autoinit.c.obj                68     0         0      
       boot_cortex_m.c.obj           56     0         0      
       copy_decompress_none.c.obj    14     0         0      
       exit.c.obj                    4      0         0      
       pre_init.c.obj                4      0         0      
    +--+-----------------------------+------+---------+---------+
       Total:                        406    0         0      
                                                             
       Stack:                        0      0         1024   
       Linker Generated:             0      29        0      
    +--+-----------------------------+------+---------+---------+
       Grand Total:                  2080   257       1080   


LINKER GENERATED COPY TABLES

__TI_cinit_table @ 00000920 records: 1, size/record: 8, table size: 8
	.data: load addr=00000908, load size=0000000d bytes, run addr=20000000, run size=0000001c bytes, compression=lzss


LINKER GENERATED HANDLER TABLE

__TI_handler_table @ 00000918 records: 2, size/record: 4, table size: 8
	index: 0, handler: __TI_decompress_lzss
	index: 1, handler: __TI_decompress_none


GLOBAL SYMBOLS: SORTED ALPHABETICALLY BY Name 

address   name                          
-------   ----                          
000008fb  ADC14_IRQHandler              
000008fb  AES256_IRQHandler             
000008fb  BusFault_Handler              
00000901  C$$EXIT                       
000008fb  COMP_E0_IRQHandler            
000008fb  COMP_E1_IRQHandler            
20000008  CPMwait                       
000008fb  CS_IRQHandler                 
20000000  ClockFrequency                
0000056d  Clock_Delay1ms                
00000543  Clock_Delay1us                
0000052f  Clock_GetFreq                 
00000419  Clock_Init48MHz               
20000014  Crystalstable                 
000008fb  DMA_ERR_IRQHandler            
000008fb  DMA_INT0_IRQHandler           
000008fb  DMA_INT1_IRQHandler           
000008fb  DMA_INT2_IRQHandler           
000008fb  DMA_INT3_IRQHandler           
000008fb  DebugMon_Handler              
000008fb  Default_Handler               
000008fb  EUSCIA0_IRQHandler            
000008fb  EUSCIA1_IRQHandler            
000008fb  EUSCIA2_IRQHandler            
000008fb  EUSCIA3_IRQHandler            
000008fb  EUSCIB0_IRQHandler            
000008fb  EUSCIB1_IRQHandler            
000008fb  EUSCIB2_IRQHandler            
000008fb  EUSCIB3_IRQHandler            
000008fb  FLCTL_IRQHandler              
000008fb  FPU_IRQHandler                
000008fb  HardFault_Handler             
20000010  IFlags                        
000008fb  MemManage_Handler             
000008fb  NMI_Handler                   
000008fb  PCM_IRQHandler                
000008fb  PORT1_IRQHandler              
000008fb  PORT2_IRQHandler              
000008fb  PORT3_IRQHandler              
000008fb  PORT4_IRQHandler              
000008fb  PORT5_IRQHandler              
000008fb  PORT6_IRQHandler              
000008fb  PSS_IRQHandler                
000005f9  PWM_Init34                    
000008fb  PendSV_Handler                
2000000c  Postwait                      
20000004  Prewait                       
000008fb  RTC_C_IRQHandler              
000008ef  Reset_Handler                 
000008fb  SVC_Handler                   
000008fb  SysTick_Handler               
20000018  SystemCoreClock               
000000e5  SystemCoreClockUpdate         
0000035d  SystemInit                    
000008fb  T32_INT1_IRQHandler           
000008fb  T32_INT2_IRQHandler           
000008fb  T32_INTC_IRQHandler           
000008fb  TA0_0_IRQHandler              
000008fb  TA0_N_IRQHandler              
000008fb  TA1_0_IRQHandler              
000008fb  TA1_N_IRQHandler              
000008fb  TA2_0_IRQHandler              
000008fb  TA2_N_IRQHandler              
000008fb  TA3_0_IRQHandler              
000008fb  TA3_N_IRQHandler              
000008fb  UsageFault_Handler            
4000480c  WDTCTL_SYM                    
000008fb  WDT_A_IRQHandler              
20010000  __STACK_END                   
00000200  __STACK_SIZE                  
00000920  __TI_CINIT_Base               
00000928  __TI_CINIT_Limit              
00000918  __TI_Handler_Table_Base       
00000920  __TI_Handler_Table_Limit      
00000865  __TI_auto_init_nobinit_nopinit
000007fd  __TI_decompress_lzss          
000008e1  __TI_decompress_none          
ffffffff  __TI_pprof_out_hndl           
ffffffff  __TI_prof_data_size           
ffffffff  __TI_prof_data_start          
00000000  __TI_static_base__            
00000761  __aeabi_memcpy                
00000761  __aeabi_memcpy4               
00000761  __aeabi_memcpy8               
ffffffff  __binit__                     
ffffffff  __c_args__                    
UNDEFED   __mpu_init                    
2000fe00  __stack                       
000008a9  _c_int00_noargs               
UNDEFED   _system_post_cinit            
000008fd  _system_pre_init              
00000901  abort                         
ffffffff  binit                         
00000535  delay                         
00000000  interruptVectors              
0000067d  main                          
00000761  memcpy                        


GLOBAL SYMBOLS: SORTED BY Symbol Address 

address   name                          
-------   ----                          
00000000  __TI_static_base__            
00000000  interruptVectors              
000000e5  SystemCoreClockUpdate         
00000200  __STACK_SIZE                  
0000035d  SystemInit                    
00000419  Clock_Init48MHz               
0000052f  Clock_GetFreq                 
00000535  delay                         
00000543  Clock_Delay1us                
0000056d  Clock_Delay1ms                
000005f9  PWM_Init34                    
0000067d  main                          
00000761  __aeabi_memcpy                
00000761  __aeabi_memcpy4               
00000761  __aeabi_memcpy8               
00000761  memcpy                        
000007fd  __TI_decompress_lzss          
00000865  __TI_auto_init_nobinit_nopinit
000008a9  _c_int00_noargs               
000008e1  __TI_decompress_none          
000008ef  Reset_Handler                 
000008fb  ADC14_IRQHandler              
000008fb  AES256_IRQHandler             
000008fb  BusFault_Handler              
000008fb  COMP_E0_IRQHandler            
000008fb  COMP_E1_IRQHandler            
000008fb  CS_IRQHandler                 
000008fb  DMA_ERR_IRQHandler            
000008fb  DMA_INT0_IRQHandler           
000008fb  DMA_INT1_IRQHandler           
000008fb  DMA_INT2_IRQHandler           
000008fb  DMA_INT3_IRQHandler           
000008fb  DebugMon_Handler              
000008fb  Default_Handler               
000008fb  EUSCIA0_IRQHandler            
000008fb  EUSCIA1_IRQHandler            
000008fb  EUSCIA2_IRQHandler            
000008fb  EUSCIA3_IRQHandler            
000008fb  EUSCIB0_IRQHandler            
000008fb  EUSCIB1_IRQHandler            
000008fb  EUSCIB2_IRQHandler            
000008fb  EUSCIB3_IRQHandler            
000008fb  FLCTL_IRQHandler              
000008fb  FPU_IRQHandler                
000008fb  HardFault_Handler             
000008fb  MemManage_Handler             
000008fb  NMI_Handler                   
000008fb  PCM_IRQHandler                
000008fb  PORT1_IRQHandler              
000008fb  PORT2_IRQHandler              
000008fb  PORT3_IRQHandler              
000008fb  PORT4_IRQHandler              
000008fb  PORT5_IRQHandler              
000008fb  PORT6_IRQHandler              
000008fb  PSS_IRQHandler                
000008fb  PendSV_Handler                
000008fb  RTC_C_IRQHandler              
000008fb  SVC_Handler                   
000008fb  SysTick_Handler               
000008fb  T32_INT1_IRQHandler           
000008fb  T32_INT2_IRQHandler           
000008fb  T32_INTC_IRQHandler           
000008fb  TA0_0_IRQHandler              
000008fb  TA0_N_IRQHandler              
000008fb  TA1_0_IRQHandler              
000008fb  TA1_N_IRQHandler              
000008fb  TA2_0_IRQHandler              
000008fb  TA2_N_IRQHandler              
000008fb  TA3_0_IRQHandler              
000008fb  TA3_N_IRQHandler              
000008fb  UsageFault_Handler            
000008fb  WDT_A_IRQHandler              
000008fd  _system_pre_init              
00000901  C$$EXIT                       
00000901  abort                         
00000918  __TI_Handler_Table_Base       
00000920  __TI_CINIT_Base               
00000920  __TI_Handler_Table_Limit      
00000928  __TI_CINIT_Limit              
20000000  ClockFrequency                
20000004  Prewait                       
20000008  CPMwait                       
2000000c  Postwait                      
20000010  IFlags                        
20000014  Crystalstable                 
20000018  SystemCoreClock               
2000fe00  __stack                       
20010000  __STACK_END                   
4000480c  WDTCTL_SYM                    
ffffffff  __TI_pprof_out_hndl           
ffffffff  __TI_prof_data_size           
ffffffff  __TI_prof_data_start          
ffffffff  __binit__                     
ffffffff  __c_args__                    
ffffffff  binit                         
UNDEFED   __mpu_init                    
UNDEFED   _system_post_cinit            

[97 symbols]
