<?xml version="1.0" encoding="ISO-8859-1" ?>
<link_info>
   <banner>TI ARM Linker PC v18.1.1.LTS</banner>
   <copyright>Copyright (c) 1996-2017 Texas Instruments Incorporated</copyright>
   <link_time>0x5f859815</link_time>
   <link_errors>0x0</link_errors>
   <output_file>papo.out</output_file>
   <entry_point>
      <name>_c_int00_noargs</name>
      <address>0x5949</address>
   </entry_point>
   <input_file_list>
      <input_file id="fl-2">
         <path>.\</path>
         <kind>object</kind>
         <file>Clock.obj</file>
         <name>Clock.obj</name>
      </input_file>
      <input_file id="fl-3">
         <path>.\</path>
         <kind>object</kind>
         <file>CortexM.obj</file>
         <name>CortexM.obj</name>
      </input_file>
      <input_file id="fl-4">
         <path>.\</path>
         <kind>object</kind>
         <file>LaunchPad.obj</file>
         <name>LaunchPad.obj</name>
      </input_file>
      <input_file id="fl-5">
         <path>.\</path>
         <kind>object</kind>
         <file>Motor.obj</file>
         <name>Motor.obj</name>
      </input_file>
      <input_file id="fl-6">
         <path>.\</path>
         <kind>object</kind>
         <file>PWM.obj</file>
         <name>PWM.obj</name>
      </input_file>
      <input_file id="fl-7">
         <path>.\</path>
         <kind>object</kind>
         <file>Reflectance.obj</file>
         <name>Reflectance.obj</name>
      </input_file>
      <input_file id="fl-8">
         <path>.\</path>
         <kind>object</kind>
         <file>TA2InputCapture.obj</file>
         <name>TA2InputCapture.obj</name>
      </input_file>
      <input_file id="fl-9">
         <path>.\</path>
         <kind>object</kind>
         <file>TExaS.obj</file>
         <name>TExaS.obj</name>
      </input_file>
      <input_file id="fl-a">
         <path>.\</path>
         <kind>object</kind>
         <file>UART0.obj</file>
         <name>UART0.obj</name>
      </input_file>
      <input_file id="fl-b">
         <path>.\</path>
         <kind>object</kind>
         <file>main3.obj</file>
         <name>main3.obj</name>
      </input_file>
      <input_file id="fl-c">
         <path>.\</path>
         <kind>object</kind>
         <file>startup_msp432p401r_ccs.obj</file>
         <name>startup_msp432p401r_ccs.obj</name>
      </input_file>
      <input_file id="fl-d">
         <path>.\</path>
         <kind>object</kind>
         <file>system_msp432p401r.obj</file>
         <name>system_msp432p401r.obj</name>
      </input_file>
      <input_file id="fl-e">
         <path>.\</path>
         <kind>object</kind>
         <file>xunji.obj</file>
         <name>xunji.obj</name>
      </input_file>
      <input_file id="fl-12">
         <kind>object</kind>
         <file>&lt;internal&gt;</file>
         <name>&lt;internal&gt;</name>
      </input_file>
      <input_file id="fl-c8">
         <path>C:\ti\ccs800\ccsv8\tools\compiler\ti-cgt-arm_18.1.1.LTS\lib\</path>
         <kind>archive</kind>
         <file>rtsv7M4_T_le_v4SPD16_eabi.lib</file>
         <name>fd_add_t2.asm.obj</name>
      </input_file>
      <input_file id="fl-c9">
         <path>C:\ti\ccs800\ccsv8\tools\compiler\ti-cgt-arm_18.1.1.LTS\lib\</path>
         <kind>archive</kind>
         <file>rtsv7M4_T_le_v4SPD16_eabi.lib</file>
         <name>fd_mul_t2.asm.obj</name>
      </input_file>
      <input_file id="fl-ca">
         <path>C:\ti\ccs800\ccsv8\tools\compiler\ti-cgt-arm_18.1.1.LTS\lib\</path>
         <kind>archive</kind>
         <file>rtsv7M4_T_le_v4SPD16_eabi.lib</file>
         <name>fd_toi_t2.asm.obj</name>
      </input_file>
      <input_file id="fl-cb">
         <path>C:\ti\ccs800\ccsv8\tools\compiler\ti-cgt-arm_18.1.1.LTS\lib\</path>
         <kind>archive</kind>
         <file>rtsv7M4_T_le_v4SPD16_eabi.lib</file>
         <name>i_tofd_t2.asm.obj</name>
      </input_file>
      <input_file id="fl-cc">
         <path>C:\ti\ccs800\ccsv8\tools\compiler\ti-cgt-arm_18.1.1.LTS\lib\</path>
         <kind>archive</kind>
         <file>rtsv7M4_T_le_v4SPD16_eabi.lib</file>
         <name>memset_t2.asm.obj</name>
      </input_file>
      <input_file id="fl-cd">
         <path>C:\ti\ccs800\ccsv8\tools\compiler\ti-cgt-arm_18.1.1.LTS\lib\</path>
         <kind>archive</kind>
         <file>rtsv7M4_T_le_v4SPD16_eabi.lib</file>
         <name>copy_zero_init.c.obj</name>
      </input_file>
      <input_file id="fl-ce">
         <path>C:\ti\ccs800\ccsv8\tools\compiler\ti-cgt-arm_18.1.1.LTS\lib\</path>
         <kind>archive</kind>
         <file>rtsv7M4_T_le_v4SPD16_eabi.lib</file>
         <name>copy_decompress_none.c.obj</name>
      </input_file>
      <input_file id="fl-cf">
         <path>C:\ti\ccs800\ccsv8\tools\compiler\ti-cgt-arm_18.1.1.LTS\lib\</path>
         <kind>archive</kind>
         <file>rtsv7M4_T_le_v4SPD16_eabi.lib</file>
         <name>copy_decompress_lzss.c.obj</name>
      </input_file>
      <input_file id="fl-d0">
         <path>C:\ti\ccs800\ccsv8\tools\compiler\ti-cgt-arm_18.1.1.LTS\lib\</path>
         <kind>archive</kind>
         <file>rtsv7M4_T_le_v4SPD16_eabi.lib</file>
         <name>boot_cortex_m.c.obj</name>
      </input_file>
      <input_file id="fl-d1">
         <path>C:\ti\ccs800\ccsv8\tools\compiler\ti-cgt-arm_18.1.1.LTS\lib\</path>
         <kind>archive</kind>
         <file>rtsv7M4_T_le_v4SPD16_eabi.lib</file>
         <name>exit.c.obj</name>
      </input_file>
      <input_file id="fl-d2">
         <path>C:\ti\ccs800\ccsv8\tools\compiler\ti-cgt-arm_18.1.1.LTS\lib\</path>
         <kind>archive</kind>
         <file>rtsv7M4_T_le_v4SPD16_eabi.lib</file>
         <name>_lock.c.obj</name>
      </input_file>
      <input_file id="fl-d3">
         <path>C:\ti\ccs800\ccsv8\tools\compiler\ti-cgt-arm_18.1.1.LTS\lib\</path>
         <kind>archive</kind>
         <file>rtsv7M4_T_le_v4SPD16_eabi.lib</file>
         <name>add_device.c.obj</name>
      </input_file>
      <input_file id="fl-d4">
         <path>C:\ti\ccs800\ccsv8\tools\compiler\ti-cgt-arm_18.1.1.LTS\lib\</path>
         <kind>archive</kind>
         <file>rtsv7M4_T_le_v4SPD16_eabi.lib</file>
         <name>args_main.c.obj</name>
      </input_file>
      <input_file id="fl-d5">
         <path>C:\ti\ccs800\ccsv8\tools\compiler\ti-cgt-arm_18.1.1.LTS\lib\</path>
         <kind>archive</kind>
         <file>rtsv7M4_T_le_v4SPD16_eabi.lib</file>
         <name>defs.c.obj</name>
      </input_file>
      <input_file id="fl-d6">
         <path>C:\ti\ccs800\ccsv8\tools\compiler\ti-cgt-arm_18.1.1.LTS\lib\</path>
         <kind>archive</kind>
         <file>rtsv7M4_T_le_v4SPD16_eabi.lib</file>
         <name>fopen.c.obj</name>
      </input_file>
      <input_file id="fl-d7">
         <path>C:\ti\ccs800\ccsv8\tools\compiler\ti-cgt-arm_18.1.1.LTS\lib\</path>
         <kind>archive</kind>
         <file>rtsv7M4_T_le_v4SPD16_eabi.lib</file>
         <name>getdevice.c.obj</name>
      </input_file>
      <input_file id="fl-d8">
         <path>C:\ti\ccs800\ccsv8\tools\compiler\ti-cgt-arm_18.1.1.LTS\lib\</path>
         <kind>archive</kind>
         <file>rtsv7M4_T_le_v4SPD16_eabi.lib</file>
         <name>open.c.obj</name>
      </input_file>
      <input_file id="fl-d9">
         <path>C:\ti\ccs800\ccsv8\tools\compiler\ti-cgt-arm_18.1.1.LTS\lib\</path>
         <kind>archive</kind>
         <file>rtsv7M4_T_le_v4SPD16_eabi.lib</file>
         <name>printf.c.obj</name>
      </input_file>
      <input_file id="fl-da">
         <path>C:\ti\ccs800\ccsv8\tools\compiler\ti-cgt-arm_18.1.1.LTS\lib\</path>
         <kind>archive</kind>
         <file>rtsv7M4_T_le_v4SPD16_eabi.lib</file>
         <name>setvbuf.c.obj</name>
      </input_file>
      <input_file id="fl-db">
         <path>C:\ti\ccs800\ccsv8\tools\compiler\ti-cgt-arm_18.1.1.LTS\lib\</path>
         <kind>archive</kind>
         <file>rtsv7M4_T_le_v4SPD16_eabi.lib</file>
         <name>strchr.c.obj</name>
      </input_file>
      <input_file id="fl-dc">
         <path>C:\ti\ccs800\ccsv8\tools\compiler\ti-cgt-arm_18.1.1.LTS\lib\</path>
         <kind>archive</kind>
         <file>rtsv7M4_T_le_v4SPD16_eabi.lib</file>
         <name>strcmp.c.obj</name>
      </input_file>
      <input_file id="fl-dd">
         <path>C:\ti\ccs800\ccsv8\tools\compiler\ti-cgt-arm_18.1.1.LTS\lib\</path>
         <kind>archive</kind>
         <file>rtsv7M4_T_le_v4SPD16_eabi.lib</file>
         <name>strncpy.c.obj</name>
      </input_file>
      <input_file id="fl-de">
         <path>C:\ti\ccs800\ccsv8\tools\compiler\ti-cgt-arm_18.1.1.LTS\lib\</path>
         <kind>archive</kind>
         <file>rtsv7M4_T_le_v4SPD16_eabi.lib</file>
         <name>write.c.obj</name>
      </input_file>
      <input_file id="fl-df">
         <path>C:\ti\ccs800\ccsv8\tools\compiler\ti-cgt-arm_18.1.1.LTS\lib\</path>
         <kind>archive</kind>
         <file>rtsv7M4_T_le_v4SPD16_eabi.lib</file>
         <name>memcpy_t2.asm.obj</name>
      </input_file>
      <input_file id="fl-e0">
         <path>C:\ti\ccs800\ccsv8\tools\compiler\ti-cgt-arm_18.1.1.LTS\lib\</path>
         <kind>archive</kind>
         <file>rtsv7M4_T_le_v4SPD16_eabi.lib</file>
         <name>autoinit.c.obj</name>
      </input_file>
      <input_file id="fl-e1">
         <path>C:\ti\ccs800\ccsv8\tools\compiler\ti-cgt-arm_18.1.1.LTS\lib\</path>
         <kind>archive</kind>
         <file>rtsv7M4_T_le_v4SPD16_eabi.lib</file>
         <name>pre_init.c.obj</name>
      </input_file>
      <input_file id="fl-e2">
         <path>C:\ti\ccs800\ccsv8\tools\compiler\ti-cgt-arm_18.1.1.LTS\lib\</path>
         <kind>archive</kind>
         <file>rtsv7M4_T_le_v4SPD16_eabi.lib</file>
         <name>cpy_tbl.c.obj</name>
      </input_file>
      <input_file id="fl-e3">
         <path>C:\ti\ccs800\ccsv8\tools\compiler\ti-cgt-arm_18.1.1.LTS\lib\</path>
         <kind>archive</kind>
         <file>rtsv7M4_T_le_v4SPD16_eabi.lib</file>
         <name>memory.c.obj</name>
      </input_file>
      <input_file id="fl-e4">
         <path>C:\ti\ccs800\ccsv8\tools\compiler\ti-cgt-arm_18.1.1.LTS\lib\</path>
         <kind>archive</kind>
         <file>rtsv7M4_T_le_v4SPD16_eabi.lib</file>
         <name>_printfi.c.obj</name>
      </input_file>
      <input_file id="fl-e5">
         <path>C:\ti\ccs800\ccsv8\tools\compiler\ti-cgt-arm_18.1.1.LTS\lib\</path>
         <kind>archive</kind>
         <file>rtsv7M4_T_le_v4SPD16_eabi.lib</file>
         <name>atoi.c.obj</name>
      </input_file>
      <input_file id="fl-e6">
         <path>C:\ti\ccs800\ccsv8\tools\compiler\ti-cgt-arm_18.1.1.LTS\lib\</path>
         <kind>archive</kind>
         <file>rtsv7M4_T_le_v4SPD16_eabi.lib</file>
         <name>ctype.c.obj</name>
      </input_file>
      <input_file id="fl-e7">
         <path>C:\ti\ccs800\ccsv8\tools\compiler\ti-cgt-arm_18.1.1.LTS\lib\</path>
         <kind>archive</kind>
         <file>rtsv7M4_T_le_v4SPD16_eabi.lib</file>
         <name>fclose.c.obj</name>
      </input_file>
      <input_file id="fl-e8">
         <path>C:\ti\ccs800\ccsv8\tools\compiler\ti-cgt-arm_18.1.1.LTS\lib\</path>
         <kind>archive</kind>
         <file>rtsv7M4_T_le_v4SPD16_eabi.lib</file>
         <name>fflush.c.obj</name>
      </input_file>
      <input_file id="fl-e9">
         <path>C:\ti\ccs800\ccsv8\tools\compiler\ti-cgt-arm_18.1.1.LTS\lib\</path>
         <kind>archive</kind>
         <file>rtsv7M4_T_le_v4SPD16_eabi.lib</file>
         <name>fputc.c.obj</name>
      </input_file>
      <input_file id="fl-ea">
         <path>C:\ti\ccs800\ccsv8\tools\compiler\ti-cgt-arm_18.1.1.LTS\lib\</path>
         <kind>archive</kind>
         <file>rtsv7M4_T_le_v4SPD16_eabi.lib</file>
         <name>fputs.c.obj</name>
      </input_file>
      <input_file id="fl-eb">
         <path>C:\ti\ccs800\ccsv8\tools\compiler\ti-cgt-arm_18.1.1.LTS\lib\</path>
         <kind>archive</kind>
         <file>rtsv7M4_T_le_v4SPD16_eabi.lib</file>
         <name>ltoa.c.obj</name>
      </input_file>
      <input_file id="fl-ec">
         <path>C:\ti\ccs800\ccsv8\tools\compiler\ti-cgt-arm_18.1.1.LTS\lib\</path>
         <kind>archive</kind>
         <file>rtsv7M4_T_le_v4SPD16_eabi.lib</file>
         <name>memccpy.c.obj</name>
      </input_file>
      <input_file id="fl-ed">
         <path>C:\ti\ccs800\ccsv8\tools\compiler\ti-cgt-arm_18.1.1.LTS\lib\</path>
         <kind>archive</kind>
         <file>rtsv7M4_T_le_v4SPD16_eabi.lib</file>
         <name>memchr.c.obj</name>
      </input_file>
      <input_file id="fl-ee">
         <path>C:\ti\ccs800\ccsv8\tools\compiler\ti-cgt-arm_18.1.1.LTS\lib\</path>
         <kind>archive</kind>
         <file>rtsv7M4_T_le_v4SPD16_eabi.lib</file>
         <name>remove.c.obj</name>
      </input_file>
      <input_file id="fl-ef">
         <path>C:\ti\ccs800\ccsv8\tools\compiler\ti-cgt-arm_18.1.1.LTS\lib\</path>
         <kind>archive</kind>
         <file>rtsv7M4_T_le_v4SPD16_eabi.lib</file>
         <name>strlen.c.obj</name>
      </input_file>
      <input_file id="fl-f0">
         <path>C:\ti\ccs800\ccsv8\tools\compiler\ti-cgt-arm_18.1.1.LTS\lib\</path>
         <kind>archive</kind>
         <file>rtsv7M4_T_le_v4SPD16_eabi.lib</file>
         <name>hostclose.c.obj</name>
      </input_file>
      <input_file id="fl-f1">
         <path>C:\ti\ccs800\ccsv8\tools\compiler\ti-cgt-arm_18.1.1.LTS\lib\</path>
         <kind>archive</kind>
         <file>rtsv7M4_T_le_v4SPD16_eabi.lib</file>
         <name>hostlseek.c.obj</name>
      </input_file>
      <input_file id="fl-f2">
         <path>C:\ti\ccs800\ccsv8\tools\compiler\ti-cgt-arm_18.1.1.LTS\lib\</path>
         <kind>archive</kind>
         <file>rtsv7M4_T_le_v4SPD16_eabi.lib</file>
         <name>hostopen.c.obj</name>
      </input_file>
      <input_file id="fl-f3">
         <path>C:\ti\ccs800\ccsv8\tools\compiler\ti-cgt-arm_18.1.1.LTS\lib\</path>
         <kind>archive</kind>
         <file>rtsv7M4_T_le_v4SPD16_eabi.lib</file>
         <name>hostread.c.obj</name>
      </input_file>
      <input_file id="fl-f4">
         <path>C:\ti\ccs800\ccsv8\tools\compiler\ti-cgt-arm_18.1.1.LTS\lib\</path>
         <kind>archive</kind>
         <file>rtsv7M4_T_le_v4SPD16_eabi.lib</file>
         <name>hostrename.c.obj</name>
      </input_file>
      <input_file id="fl-f5">
         <path>C:\ti\ccs800\ccsv8\tools\compiler\ti-cgt-arm_18.1.1.LTS\lib\</path>
         <kind>archive</kind>
         <file>rtsv7M4_T_le_v4SPD16_eabi.lib</file>
         <name>hostunlink.c.obj</name>
      </input_file>
      <input_file id="fl-f6">
         <path>C:\ti\ccs800\ccsv8\tools\compiler\ti-cgt-arm_18.1.1.LTS\lib\</path>
         <kind>archive</kind>
         <file>rtsv7M4_T_le_v4SPD16_eabi.lib</file>
         <name>hostwrite.c.obj</name>
      </input_file>
      <input_file id="fl-f7">
         <path>C:\ti\ccs800\ccsv8\tools\compiler\ti-cgt-arm_18.1.1.LTS\lib\</path>
         <kind>archive</kind>
         <file>rtsv7M4_T_le_v4SPD16_eabi.lib</file>
         <name>trgmsg.c.obj</name>
      </input_file>
      <input_file id="fl-f8">
         <path>C:\ti\ccs800\ccsv8\tools\compiler\ti-cgt-arm_18.1.1.LTS\lib\</path>
         <kind>archive</kind>
         <file>rtsv7M4_T_le_v4SPD16_eabi.lib</file>
         <name>unlink.c.obj</name>
      </input_file>
      <input_file id="fl-f9">
         <path>C:\ti\ccs800\ccsv8\tools\compiler\ti-cgt-arm_18.1.1.LTS\lib\</path>
         <kind>archive</kind>
         <file>rtsv7M4_T_le_v4SPD16_eabi.lib</file>
         <name>s_frexp.c.obj</name>
      </input_file>
      <input_file id="fl-fa">
         <path>C:\ti\ccs800\ccsv8\tools\compiler\ti-cgt-arm_18.1.1.LTS\lib\</path>
         <kind>archive</kind>
         <file>rtsv7M4_T_le_v4SPD16_eabi.lib</file>
         <name>s_scalbn.c.obj</name>
      </input_file>
      <input_file id="fl-fb">
         <path>C:\ti\ccs800\ccsv8\tools\compiler\ti-cgt-arm_18.1.1.LTS\lib\</path>
         <kind>archive</kind>
         <file>rtsv7M4_T_le_v4SPD16_eabi.lib</file>
         <name>s_copysign.c.obj</name>
      </input_file>
      <input_file id="fl-fc">
         <path>C:\ti\ccs800\ccsv8\tools\compiler\ti-cgt-arm_18.1.1.LTS\lib\</path>
         <kind>archive</kind>
         <file>rtsv7M4_T_le_v4SPD16_eabi.lib</file>
         <name>wcslen.c.obj</name>
      </input_file>
      <input_file id="fl-fd">
         <path>C:\ti\ccs800\ccsv8\tools\compiler\ti-cgt-arm_18.1.1.LTS\lib\</path>
         <kind>archive</kind>
         <file>rtsv7M4_T_le_v4SPD16_eabi.lib</file>
         <name>fd_cmp_t2.asm.obj</name>
      </input_file>
      <input_file id="fl-fe">
         <path>C:\ti\ccs800\ccsv8\tools\compiler\ti-cgt-arm_18.1.1.LTS\lib\</path>
         <kind>archive</kind>
         <file>rtsv7M4_T_le_v4SPD16_eabi.lib</file>
         <name>fd_div_t2.asm.obj</name>
      </input_file>
      <input_file id="fl-ff">
         <path>C:\ti\ccs800\ccsv8\tools\compiler\ti-cgt-arm_18.1.1.LTS\lib\</path>
         <kind>archive</kind>
         <file>rtsv7M4_T_le_v4SPD16_eabi.lib</file>
         <name>ull_div_t2.asm.obj</name>
      </input_file>
      <input_file id="fl-100">
         <path>C:\ti\ccs800\ccsv8\tools\compiler\ti-cgt-arm_18.1.1.LTS\lib\</path>
         <kind>archive</kind>
         <file>rtsv7M4_T_le_v4SPD16_eabi.lib</file>
         <name>errno.c.obj</name>
      </input_file>
      <input_file id="fl-101">
         <path>C:\ti\ccs800\ccsv8\tools\compiler\ti-cgt-arm_18.1.1.LTS\lib\</path>
         <kind>archive</kind>
         <file>rtsv7M4_T_le_v4SPD16_eabi.lib</file>
         <name>_io_perm.c.obj</name>
      </input_file>
      <input_file id="fl-102">
         <path>C:\ti\ccs800\ccsv8\tools\compiler\ti-cgt-arm_18.1.1.LTS\lib\</path>
         <kind>archive</kind>
         <file>rtsv7M4_T_le_v4SPD16_eabi.lib</file>
         <name>close.c.obj</name>
      </input_file>
      <input_file id="fl-103">
         <path>C:\ti\ccs800\ccsv8\tools\compiler\ti-cgt-arm_18.1.1.LTS\lib\</path>
         <kind>archive</kind>
         <file>rtsv7M4_T_le_v4SPD16_eabi.lib</file>
         <name>fseek.c.obj</name>
      </input_file>
      <input_file id="fl-104">
         <path>C:\ti\ccs800\ccsv8\tools\compiler\ti-cgt-arm_18.1.1.LTS\lib\</path>
         <kind>archive</kind>
         <file>rtsv7M4_T_le_v4SPD16_eabi.lib</file>
         <name>lseek.c.obj</name>
      </input_file>
      <input_file id="fl-105">
         <path>C:\ti\ccs800\ccsv8\tools\compiler\ti-cgt-arm_18.1.1.LTS\lib\</path>
         <kind>archive</kind>
         <file>rtsv7M4_T_le_v4SPD16_eabi.lib</file>
         <name>strcpy.c.obj</name>
      </input_file>
      <input_file id="fl-106">
         <path>C:\ti\ccs800\ccsv8\tools\compiler\ti-cgt-arm_18.1.1.LTS\lib\</path>
         <kind>archive</kind>
         <file>rtsv7M4_T_le_v4SPD16_eabi.lib</file>
         <name>div0.asm.obj</name>
      </input_file>
   </input_file_list>
   <object_component_list>
      <object_component id="oc-23">
         <name>.intvecs:retain</name>
         <load_address>0x0</load_address>
         <run_address>0x0</run_address>
         <size>0xe4</size>
         <input_file_ref idref="fl-c"/>
      </object_component>
      <object_component id="oc-a3">
         <name>.text</name>
         <load_address>0xe4</load_address>
         <run_address>0xe4</run_address>
         <size>0x168c</size>
         <input_file_ref idref="fl-b"/>
      </object_component>
      <object_component id="oc-1a4">
         <name>.text:__TI_printfi</name>
         <load_address>0x1770</load_address>
         <run_address>0x1770</run_address>
         <size>0xa5e</size>
         <input_file_ref idref="fl-e4"/>
      </object_component>
      <object_component id="oc-26f">
         <name>.text:_nop</name>
         <load_address>0x21ce</load_address>
         <run_address>0x21ce</run_address>
         <size>0x2</size>
         <input_file_ref idref="fl-d2"/>
      </object_component>
      <object_component id="oc-13f">
         <name>.text</name>
         <load_address>0x21d0</load_address>
         <run_address>0x21d0</run_address>
         <size>0x6bc</size>
         <input_file_ref idref="fl-a"/>
      </object_component>
      <object_component id="oc-73">
         <name>.text</name>
         <load_address>0x288c</load_address>
         <run_address>0x288c</run_address>
         <size>0x630</size>
         <input_file_ref idref="fl-9"/>
      </object_component>
      <object_component id="oc-b5">
         <name>.text</name>
         <load_address>0x2ebc</load_address>
         <run_address>0x2ebc</run_address>
         <size>0x334</size>
         <input_file_ref idref="fl-d"/>
      </object_component>
      <object_component id="oc-24b">
         <name>.text:_pconv_a</name>
         <load_address>0x31f0</load_address>
         <run_address>0x31f0</run_address>
         <size>0x270</size>
         <input_file_ref idref="fl-e4"/>
      </object_component>
      <object_component id="oc-138">
         <name>.text</name>
         <load_address>0x3460</load_address>
         <run_address>0x3460</run_address>
         <size>0x234</size>
         <input_file_ref idref="fl-7"/>
      </object_component>
      <object_component id="oc-1cb">
         <name>.text</name>
         <load_address>0x3694</load_address>
         <run_address>0x3694</run_address>
         <size>0x228</size>
         <input_file_ref idref="fl-6"/>
      </object_component>
      <object_component id="oc-12d">
         <name>.text</name>
         <load_address>0x38bc</load_address>
         <run_address>0x38bc</run_address>
         <size>0x1e0</size>
         <input_file_ref idref="fl-2"/>
      </object_component>
      <object_component id="oc-239">
         <name>.text:_pconv_g</name>
         <load_address>0x3a9c</load_address>
         <run_address>0x3a9c</run_address>
         <size>0x1d0</size>
         <input_file_ref idref="fl-e4"/>
      </object_component>
      <object_component id="oc-133">
         <name>.text</name>
         <load_address>0x3c6c</load_address>
         <run_address>0x3c6c</run_address>
         <size>0x1b6</size>
         <input_file_ref idref="fl-c8"/>
      </object_component>
      <object_component id="oc-40b">
         <name>.text</name>
         <load_address>0x3e22</load_address>
         <run_address>0x3e22</run_address>
         <size>0x2</size>
         <input_file_ref idref="fl-106"/>
      </object_component>
      <object_component id="oc-118">
         <name>.text</name>
         <load_address>0x3e24</load_address>
         <run_address>0x3e24</run_address>
         <size>0x194</size>
         <input_file_ref idref="fl-5"/>
      </object_component>
      <object_component id="oc-245">
         <name>.text:_pconv_e</name>
         <load_address>0x3fb8</load_address>
         <run_address>0x3fb8</run_address>
         <size>0x13c</size>
         <input_file_ref idref="fl-e4"/>
      </object_component>
      <object_component id="oc-308">
         <name>.text</name>
         <load_address>0x40f4</load_address>
         <run_address>0x40f4</run_address>
         <size>0x136</size>
         <input_file_ref idref="fl-fe"/>
      </object_component>
      <object_component id="oc-325">
         <name>.text:fcvt</name>
         <load_address>0x422c</load_address>
         <run_address>0x422c</run_address>
         <size>0x120</size>
         <input_file_ref idref="fl-e4"/>
      </object_component>
      <object_component id="oc-27d">
         <name>.text:fputs</name>
         <load_address>0x434c</load_address>
         <run_address>0x434c</run_address>
         <size>0x114</size>
         <input_file_ref idref="fl-ea"/>
      </object_component>
      <object_component id="oc-339">
         <name>.text:scalbn</name>
         <load_address>0x4460</load_address>
         <run_address>0x4460</run_address>
         <size>0x110</size>
         <input_file_ref idref="fl-fa"/>
      </object_component>
      <object_component id="oc-123">
         <name>.text</name>
         <load_address>0x4570</load_address>
         <run_address>0x4570</run_address>
         <size>0xfc</size>
         <input_file_ref idref="fl-c9"/>
      </object_component>
      <object_component id="oc-1f5">
         <name>.text:setvbuf</name>
         <load_address>0x466c</load_address>
         <run_address>0x466c</run_address>
         <size>0xdc</size>
         <input_file_ref idref="fl-da"/>
      </object_component>
      <object_component id="oc-2ca">
         <name>.text:free</name>
         <load_address>0x4748</load_address>
         <run_address>0x4748</run_address>
         <size>0xd8</size>
         <input_file_ref idref="fl-e3"/>
      </object_component>
      <object_component id="oc-6d">
         <name>.text</name>
         <load_address>0x4820</load_address>
         <run_address>0x4820</run_address>
         <size>0xd0</size>
         <input_file_ref idref="fl-8"/>
      </object_component>
      <object_component id="oc-2b7">
         <name>.text:_openfile</name>
         <load_address>0x48f0</load_address>
         <run_address>0x48f0</run_address>
         <size>0xd0</size>
         <input_file_ref idref="fl-d6"/>
      </object_component>
      <object_component id="oc-3c4">
         <name>.text:open</name>
         <load_address>0x49c0</load_address>
         <run_address>0x49c0</run_address>
         <size>0xbc</size>
         <input_file_ref idref="fl-d8"/>
      </object_component>
      <object_component id="oc-1e3">
         <name>.text:add_device</name>
         <load_address>0x4a7c</load_address>
         <run_address>0x4a7c</run_address>
         <size>0xb8</size>
         <input_file_ref idref="fl-d3"/>
      </object_component>
      <object_component id="oc-22e">
         <name>.text:_ltostr</name>
         <load_address>0x4b34</load_address>
         <run_address>0x4b34</run_address>
         <size>0xb1</size>
         <input_file_ref idref="fl-e4"/>
      </object_component>
      <object_component id="oc-1e9">
         <name>.text:fopen</name>
         <load_address>0x4be8</load_address>
         <run_address>0x4be8</run_address>
         <size>0x9c</size>
         <input_file_ref idref="fl-d6"/>
      </object_component>
      <object_component id="oc-37">
         <name>.text</name>
         <load_address>0x4c84</load_address>
         <run_address>0x4c84</run_address>
         <size>0x9c</size>
         <input_file_ref idref="fl-df"/>
      </object_component>
      <object_component id="oc-301">
         <name>.text</name>
         <load_address>0x4d20</load_address>
         <run_address>0x4d20</run_address>
         <size>0x96</size>
         <input_file_ref idref="fl-ff"/>
      </object_component>
      <object_component id="oc-284">
         <name>.text:fputc</name>
         <load_address>0x4db8</load_address>
         <run_address>0x4db8</run_address>
         <size>0x8c</size>
         <input_file_ref idref="fl-e9"/>
      </object_component>
      <object_component id="oc-234">
         <name>.text:__aeabi_cdcmple</name>
         <load_address>0x4e44</load_address>
         <run_address>0x4e44</run_address>
         <size>0x86</size>
         <input_file_ref idref="fl-fd"/>
      </object_component>
      <object_component id="oc-30d">
         <name>.text:__aeabi_cdrcmple</name>
         <load_address>0x4eca</load_address>
         <run_address>0x4eca</run_address>
         <size>0x86</size>
         <input_file_ref idref="fl-fd"/>
      </object_component>
      <object_component id="oc-97">
         <name>.text</name>
         <load_address>0x4f50</load_address>
         <run_address>0x4f50</run_address>
         <size>0x7a</size>
         <input_file_ref idref="fl-cc"/>
      </object_component>
      <object_component id="oc-2d0">
         <name>.text:malloc</name>
         <load_address>0x4fcc</load_address>
         <run_address>0x4fcc</run_address>
         <size>0x78</size>
         <input_file_ref idref="fl-e3"/>
      </object_component>
      <object_component id="oc-2c3">
         <name>.text:__TI_closefile</name>
         <load_address>0x5044</load_address>
         <run_address>0x5044</run_address>
         <size>0x74</size>
         <input_file_ref idref="fl-e7"/>
      </object_component>
      <object_component id="oc-31e">
         <name>.text:_mcpy</name>
         <load_address>0x50b8</load_address>
         <run_address>0x50b8</run_address>
         <size>0x6e</size>
         <input_file_ref idref="fl-e4"/>
      </object_component>
      <object_component id="oc-3a8">
         <name>.text:HOSTlseek</name>
         <load_address>0x5128</load_address>
         <run_address>0x5128</run_address>
         <size>0x68</size>
         <input_file_ref idref="fl-f1"/>
      </object_component>
      <object_component id="oc-3b4">
         <name>.text:HOSTrename</name>
         <load_address>0x5190</load_address>
         <run_address>0x5190</run_address>
         <size>0x68</size>
         <input_file_ref idref="fl-f4"/>
      </object_component>
      <object_component id="oc-14">
         <name>.text:decompress:lzss:__TI_decompress_lzss</name>
         <load_address>0x51f8</load_address>
         <run_address>0x51f8</run_address>
         <size>0x68</size>
         <input_file_ref idref="fl-cf"/>
      </object_component>
      <object_component id="oc-fc">
         <name>.text:printf</name>
         <load_address>0x5260</load_address>
         <run_address>0x5260</run_address>
         <size>0x68</size>
         <input_file_ref idref="fl-d9"/>
      </object_component>
      <object_component id="oc-333">
         <name>.text:frexp</name>
         <load_address>0x52c8</load_address>
         <run_address>0x52c8</run_address>
         <size>0x64</size>
         <input_file_ref idref="fl-f9"/>
      </object_component>
      <object_component id="oc-43c">
         <name>.text:fseek</name>
         <load_address>0x532c</load_address>
         <run_address>0x532c</run_address>
         <size>0x64</size>
         <input_file_ref idref="fl-103"/>
      </object_component>
      <object_component id="oc-36a">
         <name>.text:__TI_wrt_ok</name>
         <load_address>0x5390</load_address>
         <run_address>0x5390</run_address>
         <size>0x62</size>
         <input_file_ref idref="fl-101"/>
      </object_component>
      <object_component id="oc-390">
         <name>.text:HOSTopen</name>
         <load_address>0x53f4</load_address>
         <run_address>0x53f4</run_address>
         <size>0x60</size>
         <input_file_ref idref="fl-f2"/>
      </object_component>
      <object_component id="oc-3cf">
         <name>.text:close</name>
         <load_address>0x5454</load_address>
         <run_address>0x5454</run_address>
         <size>0x5c</size>
         <input_file_ref idref="fl-102"/>
      </object_component>
      <object_component id="oc-39c">
         <name>.text:HOSTread</name>
         <load_address>0x54b0</load_address>
         <run_address>0x54b0</run_address>
         <size>0x58</size>
         <input_file_ref idref="fl-f3"/>
      </object_component>
      <object_component id="oc-3a2">
         <name>.text:HOSTwrite</name>
         <load_address>0x5508</load_address>
         <run_address>0x5508</run_address>
         <size>0x58</size>
         <input_file_ref idref="fl-f6"/>
      </object_component>
      <object_component id="oc-23f">
         <name>.text:_pconv_f</name>
         <load_address>0x5560</load_address>
         <run_address>0x5560</run_address>
         <size>0x56</size>
         <input_file_ref idref="fl-e4"/>
      </object_component>
      <object_component id="oc-312">
         <name>.text:ltoa</name>
         <load_address>0x55b6</load_address>
         <run_address>0x55b6</run_address>
         <size>0x54</size>
         <input_file_ref idref="fl-eb"/>
      </object_component>
      <object_component id="oc-318">
         <name>.text:_ecpy</name>
         <load_address>0x560a</load_address>
         <run_address>0x560a</run_address>
         <size>0x52</size>
         <input_file_ref idref="fl-e4"/>
      </object_component>
      <object_component id="oc-376">
         <name>.text:__TI_doflush</name>
         <load_address>0x565c</load_address>
         <run_address>0x565c</run_address>
         <size>0x4c</size>
         <input_file_ref idref="fl-e8"/>
      </object_component>
      <object_component id="oc-228">
         <name>.text:atoi</name>
         <load_address>0x56a8</load_address>
         <run_address>0x56a8</run_address>
         <size>0x4c</size>
         <input_file_ref idref="fl-e5"/>
      </object_component>
      <object_component id="oc-14f">
         <name>.text:exit</name>
         <load_address>0x56f4</load_address>
         <run_address>0x56f4</run_address>
         <size>0x48</size>
         <input_file_ref idref="fl-d1"/>
      </object_component>
      <object_component id="oc-128">
         <name>.text</name>
         <load_address>0x573c</load_address>
         <run_address>0x573c</run_address>
         <size>0x48</size>
         <input_file_ref idref="fl-ca"/>
      </object_component>
      <object_component id="oc-396">
         <name>.text:HOSTclose</name>
         <load_address>0x5784</load_address>
         <run_address>0x5784</run_address>
         <size>0x44</size>
         <input_file_ref idref="fl-f0"/>
      </object_component>
      <object_component id="oc-3ae">
         <name>.text:HOSTunlink</name>
         <load_address>0x57c8</load_address>
         <run_address>0x57c8</run_address>
         <size>0x44</size>
         <input_file_ref idref="fl-f5"/>
      </object_component>
      <object_component id="oc-155">
         <name>.text:__TI_auto_init_nobinit_nopinit:__TI_auto_init_nobinit_nopinit</name>
         <load_address>0x580c</load_address>
         <run_address>0x580c</run_address>
         <size>0x44</size>
         <input_file_ref idref="fl-e0"/>
      </object_component>
      <object_component id="oc-47f">
         <name>.text:getdevice</name>
         <load_address>0x5850</load_address>
         <run_address>0x5850</run_address>
         <size>0x44</size>
         <input_file_ref idref="fl-d7"/>
      </object_component>
      <object_component id="oc-32b">
         <name>.text:_fcpy</name>
         <load_address>0x5894</load_address>
         <run_address>0x5894</run_address>
         <size>0x3e</size>
         <input_file_ref idref="fl-e4"/>
      </object_component>
      <object_component id="oc-3ea">
         <name>.text:minsert</name>
         <load_address>0x58d4</load_address>
         <run_address>0x58d4</run_address>
         <size>0x3c</size>
         <input_file_ref idref="fl-e3"/>
      </object_component>
      <object_component id="oc-456">
         <name>.text:__TI_writemsg</name>
         <load_address>0x5910</load_address>
         <run_address>0x5910</run_address>
         <size>0x38</size>
         <input_file_ref idref="fl-f7"/>
      </object_component>
      <object_component id="oc-55">
         <name>.text:_c_int00_noargs:_c_int00_noargs</name>
         <load_address>0x5948</load_address>
         <run_address>0x5948</run_address>
         <size>0x38</size>
         <input_file_ref idref="fl-d0"/>
      </object_component>
      <object_component id="oc-3de">
         <name>.text:minit</name>
         <load_address>0x5980</load_address>
         <run_address>0x5980</run_address>
         <size>0x38</size>
         <input_file_ref idref="fl-e3"/>
      </object_component>
      <object_component id="oc-2ab">
         <name>.text:strncpy</name>
         <load_address>0x59b8</load_address>
         <run_address>0x59b8</run_address>
         <size>0x36</size>
         <input_file_ref idref="fl-dd"/>
      </object_component>
      <object_component id="oc-2d6">
         <name>.text:__TI_cleanup</name>
         <load_address>0x59f0</load_address>
         <run_address>0x59f0</run_address>
         <size>0x34</size>
         <input_file_ref idref="fl-d6"/>
      </object_component>
      <object_component id="oc-45c">
         <name>.text:__TI_readmsg</name>
         <load_address>0x5a24</load_address>
         <run_address>0x5a24</run_address>
         <size>0x34</size>
         <input_file_ref idref="fl-f7"/>
      </object_component>
      <object_component id="oc-1ef">
         <name>.text:freopen</name>
         <load_address>0x5a58</load_address>
         <run_address>0x5a58</run_address>
         <size>0x34</size>
         <input_file_ref idref="fl-d6"/>
      </object_component>
      <object_component id="oc-2a5">
         <name>.text:finddevice</name>
         <load_address>0x5a8c</load_address>
         <run_address>0x5a8c</run_address>
         <size>0x30</size>
         <input_file_ref idref="fl-d7"/>
      </object_component>
      <object_component id="oc-11e">
         <name>.text</name>
         <load_address>0x5abc</load_address>
         <run_address>0x5abc</run_address>
         <size>0x2e</size>
         <input_file_ref idref="fl-cb"/>
      </object_component>
      <object_component id="oc-3d5">
         <name>.text:unlink</name>
         <load_address>0x5aec</load_address>
         <run_address>0x5aec</run_address>
         <size>0x2c</size>
         <input_file_ref idref="fl-f8"/>
      </object_component>
      <object_component id="oc-4a4">
         <name>.text:lseek</name>
         <load_address>0x5b18</load_address>
         <run_address>0x5b18</run_address>
         <size>0x28</size>
         <input_file_ref idref="fl-104"/>
      </object_component>
      <object_component id="oc-3e4">
         <name>.text:mremove</name>
         <load_address>0x5b40</load_address>
         <run_address>0x5b40</run_address>
         <size>0x28</size>
         <input_file_ref idref="fl-e3"/>
      </object_component>
      <object_component id="oc-37c">
         <name>.text:write</name>
         <load_address>0x5b68</load_address>
         <run_address>0x5b68</run_address>
         <size>0x28</size>
         <input_file_ref idref="fl-de"/>
      </object_component>
      <object_component id="oc-bc">
         <name>.text</name>
         <load_address>0x5b90</load_address>
         <run_address>0x5b90</run_address>
         <size>0x24</size>
         <input_file_ref idref="fl-3"/>
      </object_component>
      <object_component id="oc-370">
         <name>.text:memchr</name>
         <load_address>0x5bb4</load_address>
         <run_address>0x5bb4</run_address>
         <size>0x20</size>
         <input_file_ref idref="fl-ed"/>
      </object_component>
      <object_component id="oc-251">
         <name>.text:memccpy</name>
         <load_address>0x5bd4</load_address>
         <run_address>0x5bd4</run_address>
         <size>0x1c</size>
         <input_file_ref idref="fl-ec"/>
      </object_component>
      <object_component id="oc-386">
         <name>.text:strcmp</name>
         <load_address>0x5bf0</load_address>
         <run_address>0x5bf0</run_address>
         <size>0x18</size>
         <input_file_ref idref="fl-dc"/>
      </object_component>
      <object_component id="oc-33f">
         <name>.text:strchr</name>
         <load_address>0x5c08</load_address>
         <run_address>0x5c08</run_address>
         <size>0x16</size>
         <input_file_ref idref="fl-db"/>
      </object_component>
      <object_component id="oc-420">
         <name>.text:copysign</name>
         <load_address>0x5c1e</load_address>
         <run_address>0x5c1e</run_address>
         <size>0x14</size>
         <input_file_ref idref="fl-fb"/>
      </object_component>
      <object_component id="oc-470">
         <name>.text:strcpy</name>
         <load_address>0x5c32</load_address>
         <run_address>0x5c32</run_address>
         <size>0x14</size>
         <input_file_ref idref="fl-105"/>
      </object_component>
      <object_component id="oc-222">
         <name>.text:strlen</name>
         <load_address>0x5c46</load_address>
         <run_address>0x5c46</run_address>
         <size>0x14</size>
         <input_file_ref idref="fl-ef"/>
      </object_component>
      <object_component id="oc-43">
         <name>.text:decompress:ZI:__TI_zero_init_nomemset:__TI_zero_init_nomemset</name>
         <load_address>0x5c5a</load_address>
         <run_address>0x5c5a</run_address>
         <size>0x12</size>
         <input_file_ref idref="fl-cd"/>
      </object_component>
      <object_component id="oc-257">
         <name>.text:wcslen</name>
         <load_address>0x5c6c</load_address>
         <run_address>0x5c6c</run_address>
         <size>0x12</size>
         <input_file_ref idref="fl-fc"/>
      </object_component>
      <object_component id="oc-1a">
         <name>.text:decompress:none:__TI_decompress_none</name>
         <load_address>0x5c7e</load_address>
         <run_address>0x5c7e</run_address>
         <size>0xe</size>
         <input_file_ref idref="fl-ce"/>
      </object_component>
      <object_component id="oc-67">
         <name>.text</name>
         <load_address>0x5c8c</load_address>
         <run_address>0x5c8c</run_address>
         <size>0xe</size>
         <input_file_ref idref="fl-c"/>
      </object_component>
      <object_component id="oc-25d">
         <name>.text:__aeabi_errno_addr</name>
         <load_address>0x5c9c</load_address>
         <run_address>0x5c9c</run_address>
         <size>0x8</size>
         <input_file_ref idref="fl-100"/>
      </object_component>
      <object_component id="oc-1b6">
         <name>.text:_outc</name>
         <load_address>0x5ca4</load_address>
         <run_address>0x5ca4</run_address>
         <size>0x4</size>
         <input_file_ref idref="fl-d9"/>
      </object_component>
      <object_component id="oc-1b0">
         <name>.text:_outs</name>
         <load_address>0x5ca8</load_address>
         <run_address>0x5ca8</run_address>
         <size>0x4</size>
         <input_file_ref idref="fl-d9"/>
      </object_component>
      <object_component id="oc-9d">
         <name>.text:_system_pre_init</name>
         <load_address>0x5cac</load_address>
         <run_address>0x5cac</run_address>
         <size>0x4</size>
         <input_file_ref idref="fl-e1"/>
      </object_component>
      <object_component id="oc-149">
         <name>.text:abort:abort</name>
         <load_address>0x5cb0</load_address>
         <run_address>0x5cb0</run_address>
         <size>0x4</size>
         <input_file_ref idref="fl-d1"/>
      </object_component>
      <object_component id="oc-2fc">
         <name>.const:.string:_ctypes_</name>
         <load_address>0x5cb4</load_address>
         <run_address>0x5cb4</run_address>
         <size>0x101</size>
         <input_file_ref idref="fl-e6"/>
      </object_component>
      <object_component id="oc-1da">
         <name>.const:$P$T0$1</name>
         <load_address>0x5db8</load_address>
         <run_address>0x5db8</run_address>
         <size>0x20</size>
         <input_file_ref idref="fl-7"/>
      </object_component>
      <object_component id="oc-50e">
         <name>.cinit..data.load</name>
         <load_address>0x5dd8</load_address>
         <run_address>0x5dd8</run_address>
         <size>0x8c</size>
      </object_component>
      <object_component id="oc-50c">
         <name>__TI_handler_table</name>
         <load_address>0x5e64</load_address>
         <run_address>0x5e64</run_address>
         <size>0xc</size>
      </object_component>
      <object_component id="oc-50f">
         <name>.cinit..bss.load</name>
         <load_address>0x5e70</load_address>
         <run_address>0x5e70</run_address>
         <size>0x8</size>
      </object_component>
      <object_component id="oc-50d">
         <name>__TI_cinit_table</name>
         <load_address>0x5e78</load_address>
         <run_address>0x5e78</run_address>
         <size>0x10</size>
      </object_component>
      <object_component id="oc-4e1">
         <name>.binit</name>
         <load_address>0x0</load_address>
         <run_address>0x0</run_address>
         <size>0x0</size>
      </object_component>
      <object_component id="oc-1d5">
         <name>.data</name>
         <load_address>0x200009c0</load_address>
         <run_address>0x200009c0</run_address>
         <size>0x18</size>
         <input_file_ref idref="fl-2"/>
      </object_component>
      <object_component id="oc-c2">
         <name>.data</name>
         <load_address>0x20000a24</load_address>
         <run_address>0x20000a24</run_address>
         <size>0x4</size>
         <input_file_ref idref="fl-8"/>
      </object_component>
      <object_component id="oc-cf">
         <name>.data</name>
         <load_address>0x20000a10</load_address>
         <run_address>0x20000a10</run_address>
         <size>0xc</size>
         <input_file_ref idref="fl-9"/>
      </object_component>
      <object_component id="oc-105">
         <name>.data:buf</name>
         <load_address>0x20000000</load_address>
         <run_address>0x20000000</run_address>
         <size>0x7d0</size>
         <input_file_ref idref="fl-b"/>
      </object_component>
      <object_component id="oc-102">
         <name>.data</name>
         <load_address>0x20000988</load_address>
         <run_address>0x20000988</run_address>
         <size>0x38</size>
         <input_file_ref idref="fl-b"/>
      </object_component>
      <object_component id="oc-108">
         <name>.data:shuzu</name>
         <load_address>0x200009e8</load_address>
         <run_address>0x200009e8</run_address>
         <size>0x10</size>
         <input_file_ref idref="fl-b"/>
      </object_component>
      <object_component id="oc-187">
         <name>.data</name>
         <load_address>0x20000a38</load_address>
         <run_address>0x20000a38</run_address>
         <size>0x4</size>
         <input_file_ref idref="fl-d"/>
      </object_component>
      <object_component id="oc-202">
         <name>.data:$O1$$</name>
         <load_address>0x200009f8</load_address>
         <run_address>0x200009f8</run_address>
         <size>0xc</size>
         <input_file_ref idref="fl-d1"/>
      </object_component>
      <object_component id="oc-1aa">
         <name>.data:$O1$$</name>
         <load_address>0x20000a1c</load_address>
         <run_address>0x20000a1c</run_address>
         <size>0x8</size>
         <input_file_ref idref="fl-d2"/>
      </object_component>
      <object_component id="oc-2b1">
         <name>.data</name>
         <load_address>0x20000a28</load_address>
         <run_address>0x20000a28</run_address>
         <size>0x4</size>
         <input_file_ref idref="fl-d3"/>
      </object_component>
      <object_component id="oc-1ad">
         <name>.data:_ftable</name>
         <load_address>0x200007d0</load_address>
         <run_address>0x200007d0</run_address>
         <size>0xf0</size>
         <input_file_ref idref="fl-d5"/>
      </object_component>
      <object_component id="oc-2be">
         <name>.data</name>
         <load_address>0x200009d8</load_address>
         <run_address>0x200009d8</run_address>
         <size>0x10</size>
         <input_file_ref idref="fl-d5"/>
      </object_component>
      <object_component id="oc-2bd">
         <name>.data</name>
         <load_address>0x20000a30</load_address>
         <run_address>0x20000a30</run_address>
         <size>0x4</size>
         <input_file_ref idref="fl-d6"/>
      </object_component>
      <object_component id="oc-485">
         <name>.data</name>
         <load_address>0x20000a34</load_address>
         <run_address>0x20000a34</run_address>
         <size>0x4</size>
         <input_file_ref idref="fl-d8"/>
      </object_component>
      <object_component id="oc-2b2">
         <name>.data:_device</name>
         <load_address>0x200008c0</load_address>
         <run_address>0x200008c0</run_address>
         <size>0x78</size>
         <input_file_ref idref="fl-de"/>
      </object_component>
      <object_component id="oc-448">
         <name>.data:_stream</name>
         <load_address>0x20000938</load_address>
         <run_address>0x20000938</run_address>
         <size>0x50</size>
         <input_file_ref idref="fl-de"/>
      </object_component>
      <object_component id="oc-3f0">
         <name>.data:$O1$$</name>
         <load_address>0x20000a04</load_address>
         <run_address>0x20000a04</run_address>
         <size>0xc</size>
         <input_file_ref idref="fl-e3"/>
      </object_component>
      <object_component id="oc-34f">
         <name>.data</name>
         <load_address>0x20000a2c</load_address>
         <run_address>0x20000a2c</run_address>
         <size>0x4</size>
         <input_file_ref idref="fl-100"/>
      </object_component>
      <object_component id="oc-4b6">
         <name>.bss:_CIOBUF_</name>
         <uninitialized>true</uninitialized>
         <run_address>0x20000e40</run_address>
         <size>0x120</size>
         <input_file_ref idref="fl-f7"/>
      </object_component>
      <object_component id="oc-cc">
         <name>.common:LogicData</name>
         <uninitialized>true</uninitialized>
         <run_address>0x20001045</run_address>
         <size>0x1</size>
      </object_component>
      <object_component id="oc-d2">
         <name>.common:PeriodicTask2</name>
         <uninitialized>true</uninitialized>
         <run_address>0x20001024</run_address>
         <size>0x4</size>
      </object_component>
      <object_component id="oc-1e2">
         <name>.common:Messageindexb</name>
         <uninitialized>true</uninitialized>
         <run_address>0x20001020</run_address>
         <size>0x4</size>
      </object_component>
      <object_component id="oc-1df">
         <name>.common:Messageb</name>
         <uninitialized>true</uninitialized>
         <run_address>0x20001000</run_address>
         <size>0x8</size>
      </object_component>
      <object_component id="oc-117">
         <name>.common:z</name>
         <uninitialized>true</uninitialized>
         <run_address>0x20001034</run_address>
         <size>0x4</size>
      </object_component>
      <object_component id="oc-111">
         <name>.common:Count0</name>
         <uninitialized>true</uninitialized>
         <run_address>0x20001038</run_address>
         <size>0x2</size>
      </object_component>
      <object_component id="oc-110">
         <name>.common:Sum0</name>
         <uninitialized>true</uninitialized>
         <run_address>0x20001028</run_address>
         <size>0x4</size>
      </object_component>
      <object_component id="oc-10b">
         <name>.common:Period0</name>
         <uninitialized>true</uninitialized>
         <run_address>0x20001040</run_address>
         <size>0x2</size>
      </object_component>
      <object_component id="oc-10e">
         <name>.common:First0</name>
         <uninitialized>true</uninitialized>
         <run_address>0x2000103c</run_address>
         <size>0x2</size>
      </object_component>
      <object_component id="oc-10f">
         <name>.common:Done0</name>
         <uninitialized>true</uninitialized>
         <run_address>0x20001010</run_address>
         <size>0x4</size>
      </object_component>
      <object_component id="oc-147">
         <name>.common:Time</name>
         <uninitialized>true</uninitialized>
         <run_address>0x20001030</run_address>
         <size>0x4</size>
      </object_component>
      <object_component id="oc-13e">
         <name>.common:Data</name>
         <uninitialized>true</uninitialized>
         <run_address>0x20001044</run_address>
         <size>0x1</size>
      </object_component>
      <object_component id="oc-145">
         <name>.common:FallingEdges1</name>
         <uninitialized>true</uninitialized>
         <run_address>0x20001018</run_address>
         <size>0x4</size>
      </object_component>
      <object_component id="oc-146">
         <name>.common:FallingEdges4</name>
         <uninitialized>true</uninitialized>
         <run_address>0x2000101c</run_address>
         <size>0x4</size>
      </object_component>
      <object_component id="oc-116">
         <name>.common:Count2</name>
         <uninitialized>true</uninitialized>
         <run_address>0x2000103a</run_address>
         <size>0x2</size>
      </object_component>
      <object_component id="oc-112">
         <name>.common:Period2</name>
         <uninitialized>true</uninitialized>
         <run_address>0x20001042</run_address>
         <size>0x2</size>
      </object_component>
      <object_component id="oc-113">
         <name>.common:First2</name>
         <uninitialized>true</uninitialized>
         <run_address>0x2000103e</run_address>
         <size>0x2</size>
      </object_component>
      <object_component id="oc-114">
         <name>.common:Done2</name>
         <uninitialized>true</uninitialized>
         <run_address>0x20001014</run_address>
         <size>0x4</size>
      </object_component>
      <object_component id="oc-115">
         <name>.common:Sum2</name>
         <uninitialized>true</uninitialized>
         <run_address>0x2000102c</run_address>
         <size>0x4</size>
      </object_component>
      <object_component id="oc-3db">
         <name>.common:__TI_tmpnams</name>
         <uninitialized>true</uninitialized>
         <run_address>0x20000f60</run_address>
         <size>0xa0</size>
      </object_component>
      <object_component id="oc-462">
         <name>.common:parmbuf</name>
         <uninitialized>true</uninitialized>
         <run_address>0x20001008</run_address>
         <size>0x8</size>
      </object_component>
      <object_component id="oc-29">
         <name>.sysmem</name>
         <uninitialized>true</uninitialized>
         <run_address>0x20000a40</run_address>
         <size>0x8</size>
         <input_file_ref idref="fl-e3"/>
      </object_component>
      <object_component id="oc-511">
         <name>.sysmem</name>
         <uninitialized>true</uninitialized>
         <run_address>0x20000a40</run_address>
         <size>0x0</size>
      </object_component>
      <object_component id="oc-26">
         <name>.stack</name>
         <uninitialized>true</uninitialized>
         <run_address>0x2000fe00</run_address>
         <size>0x4</size>
         <input_file_ref idref="fl-d0"/>
      </object_component>
      <object_component id="oc-510">
         <name>.stack</name>
         <uninitialized>true</uninitialized>
         <run_address>0x2000fe00</run_address>
         <size>0x0</size>
      </object_component>
      <object_component id="oc-1a3">
         <name>.debug_info</name>
         <load_address>0x0</load_address>
         <run_address>0x0</run_address>
         <size>0x506</size>
         <input_file_ref idref="fl-2"/>
      </object_component>
      <object_component id="oc-1d6">
         <name>.debug_info</name>
         <load_address>0x506</load_address>
         <run_address>0x506</run_address>
         <size>0x162</size>
         <input_file_ref idref="fl-2"/>
      </object_component>
      <object_component id="oc-12f">
         <name>.debug_info</name>
         <load_address>0x668</load_address>
         <run_address>0x668</run_address>
         <size>0x286</size>
         <input_file_ref idref="fl-2"/>
      </object_component>
      <object_component id="oc-195">
         <name>.debug_info</name>
         <load_address>0x8ee</load_address>
         <run_address>0x8ee</run_address>
         <size>0x37e2</size>
         <input_file_ref idref="fl-2"/>
      </object_component>
      <object_component id="oc-db">
         <name>.debug_info</name>
         <load_address>0x40d0</load_address>
         <run_address>0x40d0</run_address>
         <size>0x26b</size>
         <input_file_ref idref="fl-2"/>
      </object_component>
      <object_component id="oc-19a">
         <name>.debug_info</name>
         <load_address>0x433b</load_address>
         <run_address>0x433b</run_address>
         <size>0x1055</size>
         <input_file_ref idref="fl-2"/>
      </object_component>
      <object_component id="oc-32">
         <name>.debug_info</name>
         <load_address>0x5390</load_address>
         <run_address>0x5390</run_address>
         <size>0x84</size>
         <input_file_ref idref="fl-2"/>
      </object_component>
      <object_component id="oc-18e">
         <name>.debug_info</name>
         <load_address>0x5414</load_address>
         <run_address>0x5414</run_address>
         <size>0x297</size>
         <input_file_ref idref="fl-2"/>
      </object_component>
      <object_component id="oc-c6">
         <name>.debug_info</name>
         <load_address>0x56ab</load_address>
         <run_address>0x56ab</run_address>
         <size>0xbb</size>
         <input_file_ref idref="fl-2"/>
      </object_component>
      <object_component id="oc-bd">
         <name>.debug_info</name>
         <load_address>0x5766</load_address>
         <run_address>0x5766</run_address>
         <size>0x247</size>
         <input_file_ref idref="fl-3"/>
      </object_component>
      <object_component id="oc-119">
         <name>.debug_info</name>
         <load_address>0x59ad</load_address>
         <run_address>0x59ad</run_address>
         <size>0x448</size>
         <input_file_ref idref="fl-5"/>
      </object_component>
      <object_component id="oc-1ce">
         <name>.debug_info</name>
         <load_address>0x5df5</load_address>
         <run_address>0x5df5</run_address>
         <size>0x449</size>
         <input_file_ref idref="fl-6"/>
      </object_component>
      <object_component id="oc-1de">
         <name>.debug_info</name>
         <load_address>0x623e</load_address>
         <run_address>0x623e</run_address>
         <size>0x57e</size>
         <input_file_ref idref="fl-7"/>
      </object_component>
      <object_component id="oc-1db">
         <name>.debug_info</name>
         <load_address>0x67bc</load_address>
         <run_address>0x67bc</run_address>
         <size>0xb2</size>
         <input_file_ref idref="fl-7"/>
      </object_component>
      <object_component id="oc-13b">
         <name>.debug_info</name>
         <load_address>0x686e</load_address>
         <run_address>0x686e</run_address>
         <size>0x4b4</size>
         <input_file_ref idref="fl-7"/>
      </object_component>
      <object_component id="oc-299">
         <name>.debug_info</name>
         <load_address>0x6d22</load_address>
         <run_address>0x6d22</run_address>
         <size>0x37e2</size>
         <input_file_ref idref="fl-7"/>
      </object_component>
      <object_component id="oc-cb">
         <name>.debug_info</name>
         <load_address>0xa504</load_address>
         <run_address>0xa504</run_address>
         <size>0x570</size>
         <input_file_ref idref="fl-8"/>
      </object_component>
      <object_component id="oc-c3">
         <name>.debug_info</name>
         <load_address>0xaa74</load_address>
         <run_address>0xaa74</run_address>
         <size>0xc1</size>
         <input_file_ref idref="fl-8"/>
      </object_component>
      <object_component id="oc-6e">
         <name>.debug_info</name>
         <load_address>0xab35</load_address>
         <run_address>0xab35</run_address>
         <size>0x246</size>
         <input_file_ref idref="fl-8"/>
      </object_component>
      <object_component id="oc-cd">
         <name>.debug_info</name>
         <load_address>0xad7b</load_address>
         <run_address>0xad7b</run_address>
         <size>0x561</size>
         <input_file_ref idref="fl-9"/>
      </object_component>
      <object_component id="oc-d0">
         <name>.debug_info</name>
         <load_address>0xb2dc</load_address>
         <run_address>0xb2dc</run_address>
         <size>0x145</size>
         <input_file_ref idref="fl-9"/>
      </object_component>
      <object_component id="oc-74">
         <name>.debug_info</name>
         <load_address>0xb421</load_address>
         <run_address>0xb421</run_address>
         <size>0x11ca</size>
         <input_file_ref idref="fl-9"/>
      </object_component>
      <object_component id="oc-d4">
         <name>.debug_info</name>
         <load_address>0xc5eb</load_address>
         <run_address>0xc5eb</run_address>
         <size>0xb4</size>
         <input_file_ref idref="fl-9"/>
      </object_component>
      <object_component id="oc-1e0">
         <name>.debug_info</name>
         <load_address>0xc69f</load_address>
         <run_address>0xc69f</run_address>
         <size>0x753</size>
         <input_file_ref idref="fl-a"/>
      </object_component>
      <object_component id="oc-140">
         <name>.debug_info</name>
         <load_address>0xcdf2</load_address>
         <run_address>0xcdf2</run_address>
         <size>0x12bf</size>
         <input_file_ref idref="fl-a"/>
      </object_component>
      <object_component id="oc-2a0">
         <name>.debug_info</name>
         <load_address>0xe0b1</load_address>
         <run_address>0xe0b1</run_address>
         <size>0xcc</size>
         <input_file_ref idref="fl-a"/>
      </object_component>
      <object_component id="oc-1fc">
         <name>.debug_info</name>
         <load_address>0xe17d</load_address>
         <run_address>0xe17d</run_address>
         <size>0x2c</size>
         <input_file_ref idref="fl-a"/>
      </object_component>
      <object_component id="oc-1be">
         <name>.debug_info</name>
         <load_address>0xe1a9</load_address>
         <run_address>0xe1a9</run_address>
         <size>0x2c</size>
         <input_file_ref idref="fl-a"/>
      </object_component>
      <object_component id="oc-10c">
         <name>.debug_info</name>
         <load_address>0xe1d5</load_address>
         <run_address>0xe1d5</run_address>
         <size>0xa0d</size>
         <input_file_ref idref="fl-b"/>
      </object_component>
      <object_component id="oc-106">
         <name>.debug_info</name>
         <load_address>0xebe2</load_address>
         <run_address>0xebe2</run_address>
         <size>0xa5</size>
         <input_file_ref idref="fl-b"/>
      </object_component>
      <object_component id="oc-103">
         <name>.debug_info</name>
         <load_address>0xec87</load_address>
         <run_address>0xec87</run_address>
         <size>0x1ed</size>
         <input_file_ref idref="fl-b"/>
      </object_component>
      <object_component id="oc-109">
         <name>.debug_info</name>
         <load_address>0xee74</load_address>
         <run_address>0xee74</run_address>
         <size>0xa8</size>
         <input_file_ref idref="fl-b"/>
      </object_component>
      <object_component id="oc-a4">
         <name>.debug_info</name>
         <load_address>0xef1c</load_address>
         <run_address>0xef1c</run_address>
         <size>0x139a</size>
         <input_file_ref idref="fl-b"/>
      </object_component>
      <object_component id="oc-7b">
         <name>.debug_info</name>
         <load_address>0x102b6</load_address>
         <run_address>0x102b6</run_address>
         <size>0x2a5</size>
         <input_file_ref idref="fl-c"/>
      </object_component>
      <object_component id="oc-24">
         <name>.debug_info</name>
         <load_address>0x1055b</load_address>
         <run_address>0x1055b</run_address>
         <size>0xd1</size>
         <input_file_ref idref="fl-c"/>
      </object_component>
      <object_component id="oc-68">
         <name>.debug_info</name>
         <load_address>0x1062c</load_address>
         <run_address>0x1062c</run_address>
         <size>0x198</size>
         <input_file_ref idref="fl-c"/>
      </object_component>
      <object_component id="oc-188">
         <name>.debug_info</name>
         <load_address>0x107c4</load_address>
         <run_address>0x107c4</run_address>
         <size>0xca</size>
         <input_file_ref idref="fl-d"/>
      </object_component>
      <object_component id="oc-b7">
         <name>.debug_info</name>
         <load_address>0x1088e</load_address>
         <run_address>0x1088e</run_address>
         <size>0x23c</size>
         <input_file_ref idref="fl-d"/>
      </object_component>
      <object_component id="oc-136">
         <name>.debug_info</name>
         <load_address>0x10aca</load_address>
         <run_address>0x10aca</run_address>
         <size>0x144</size>
         <input_file_ref idref="fl-c8"/>
      </object_component>
      <object_component id="oc-124">
         <name>.debug_info</name>
         <load_address>0x10c0e</load_address>
         <run_address>0x10c0e</run_address>
         <size>0x132</size>
         <input_file_ref idref="fl-c9"/>
      </object_component>
      <object_component id="oc-12a">
         <name>.debug_info</name>
         <load_address>0x10d40</load_address>
         <run_address>0x10d40</run_address>
         <size>0x126</size>
         <input_file_ref idref="fl-ca"/>
      </object_component>
      <object_component id="oc-11f">
         <name>.debug_info</name>
         <load_address>0x10e66</load_address>
         <run_address>0x10e66</run_address>
         <size>0x124</size>
         <input_file_ref idref="fl-cb"/>
      </object_component>
      <object_component id="oc-98">
         <name>.debug_info</name>
         <load_address>0x10f8a</load_address>
         <run_address>0x10f8a</run_address>
         <size>0x13f</size>
         <input_file_ref idref="fl-cc"/>
      </object_component>
      <object_component id="oc-96">
         <name>.debug_info</name>
         <load_address>0x110c9</load_address>
         <run_address>0x110c9</run_address>
         <size>0x313</size>
         <input_file_ref idref="fl-cd"/>
      </object_component>
      <object_component id="oc-44">
         <name>.debug_info</name>
         <load_address>0x113dc</load_address>
         <run_address>0x113dc</run_address>
         <size>0x1b4</size>
         <input_file_ref idref="fl-cd"/>
      </object_component>
      <object_component id="oc-91">
         <name>.debug_info</name>
         <load_address>0x11590</load_address>
         <run_address>0x11590</run_address>
         <size>0x46</size>
         <input_file_ref idref="fl-cd"/>
      </object_component>
      <object_component id="oc-f3">
         <name>.debug_info</name>
         <load_address>0x115d6</load_address>
         <run_address>0x115d6</run_address>
         <size>0x2c</size>
         <input_file_ref idref="fl-cd"/>
      </object_component>
      <object_component id="oc-42">
         <name>.debug_info</name>
         <load_address>0x11602</load_address>
         <run_address>0x11602</run_address>
         <size>0x29d</size>
         <input_file_ref idref="fl-ce"/>
      </object_component>
      <object_component id="oc-1b">
         <name>.debug_info</name>
         <load_address>0x1189f</load_address>
         <run_address>0x1189f</run_address>
         <size>0x1df</size>
         <input_file_ref idref="fl-ce"/>
      </object_component>
      <object_component id="oc-3d">
         <name>.debug_info</name>
         <load_address>0x11a7e</load_address>
         <run_address>0x11a7e</run_address>
         <size>0x46</size>
         <input_file_ref idref="fl-ce"/>
      </object_component>
      <object_component id="oc-89">
         <name>.debug_info</name>
         <load_address>0x11ac4</load_address>
         <run_address>0x11ac4</run_address>
         <size>0x2c</size>
         <input_file_ref idref="fl-ce"/>
      </object_component>
      <object_component id="oc-87">
         <name>.debug_info</name>
         <load_address>0x11af0</load_address>
         <run_address>0x11af0</run_address>
         <size>0x293</size>
         <input_file_ref idref="fl-cf"/>
      </object_component>
      <object_component id="oc-17">
         <name>.debug_info</name>
         <load_address>0x11d83</load_address>
         <run_address>0x11d83</run_address>
         <size>0x245</size>
         <input_file_ref idref="fl-cf"/>
      </object_component>
      <object_component id="oc-2d">
         <name>.debug_info</name>
         <load_address>0x11fc8</load_address>
         <run_address>0x11fc8</run_address>
         <size>0x60</size>
         <input_file_ref idref="fl-cf"/>
      </object_component>
      <object_component id="oc-ec">
         <name>.debug_info</name>
         <load_address>0x12028</load_address>
         <run_address>0x12028</run_address>
         <size>0x46</size>
         <input_file_ref idref="fl-cf"/>
      </object_component>
      <object_component id="oc-82">
         <name>.debug_info</name>
         <load_address>0x1206e</load_address>
         <run_address>0x1206e</run_address>
         <size>0x39</size>
         <input_file_ref idref="fl-cf"/>
      </object_component>
      <object_component id="oc-27">
         <name>.debug_info</name>
         <load_address>0x120a7</load_address>
         <run_address>0x120a7</run_address>
         <size>0x100</size>
         <input_file_ref idref="fl-d0"/>
      </object_component>
      <object_component id="oc-57">
         <name>.debug_info</name>
         <load_address>0x121a7</load_address>
         <run_address>0x121a7</run_address>
         <size>0x1a4</size>
         <input_file_ref idref="fl-d0"/>
      </object_component>
      <object_component id="oc-206">
         <name>.debug_info</name>
         <load_address>0x1234b</load_address>
         <run_address>0x1234b</run_address>
         <size>0x3a2</size>
         <input_file_ref idref="fl-d1"/>
      </object_component>
      <object_component id="oc-203">
         <name>.debug_info</name>
         <load_address>0x126ed</load_address>
         <run_address>0x126ed</run_address>
         <size>0x185</size>
         <input_file_ref idref="fl-d1"/>
      </object_component>
      <object_component id="oc-14d">
         <name>.debug_info</name>
         <load_address>0x12872</load_address>
         <run_address>0x12872</run_address>
         <size>0x117</size>
         <input_file_ref idref="fl-d1"/>
      </object_component>
      <object_component id="oc-151">
         <name>.debug_info</name>
         <load_address>0x12989</load_address>
         <run_address>0x12989</run_address>
         <size>0x179</size>
         <input_file_ref idref="fl-d1"/>
      </object_component>
      <object_component id="oc-277">
         <name>.debug_info</name>
         <load_address>0x12b02</load_address>
         <run_address>0x12b02</run_address>
         <size>0x2be</size>
         <input_file_ref idref="fl-d2"/>
      </object_component>
      <object_component id="oc-1ab">
         <name>.debug_info</name>
         <load_address>0x12dc0</load_address>
         <run_address>0x12dc0</run_address>
         <size>0x113</size>
         <input_file_ref idref="fl-d2"/>
      </object_component>
      <object_component id="oc-270">
         <name>.debug_info</name>
         <load_address>0x12ed3</load_address>
         <run_address>0x12ed3</run_address>
         <size>0x123</size>
         <input_file_ref idref="fl-d2"/>
      </object_component>
      <object_component id="oc-2b6">
         <name>.debug_info</name>
         <load_address>0x12ff6</load_address>
         <run_address>0x12ff6</run_address>
         <size>0x43a</size>
         <input_file_ref idref="fl-d3"/>
      </object_component>
      <object_component id="oc-1e6">
         <name>.debug_info</name>
         <load_address>0x13430</load_address>
         <run_address>0x13430</run_address>
         <size>0x2d0</size>
         <input_file_ref idref="fl-d3"/>
      </object_component>
      <object_component id="oc-3bf">
         <name>.debug_info</name>
         <load_address>0x13700</load_address>
         <run_address>0x13700</run_address>
         <size>0xea</size>
         <input_file_ref idref="fl-d3"/>
      </object_component>
      <object_component id="oc-356">
         <name>.debug_info</name>
         <load_address>0x137ea</load_address>
         <run_address>0x137ea</run_address>
         <size>0x2c</size>
         <input_file_ref idref="fl-d3"/>
      </object_component>
      <object_component id="oc-27b">
         <name>.debug_info</name>
         <load_address>0x13816</load_address>
         <run_address>0x13816</run_address>
         <size>0x139</size>
         <input_file_ref idref="fl-d5"/>
      </object_component>
      <object_component id="oc-1ae">
         <name>.debug_info</name>
         <load_address>0x1394f</load_address>
         <run_address>0x1394f</run_address>
         <size>0xf7</size>
         <input_file_ref idref="fl-d5"/>
      </object_component>
      <object_component id="oc-2bf">
         <name>.debug_info</name>
         <load_address>0x13a46</load_address>
         <run_address>0x13a46</run_address>
         <size>0x184</size>
         <input_file_ref idref="fl-d5"/>
      </object_component>
      <object_component id="oc-28d">
         <name>.debug_info</name>
         <load_address>0x13bca</load_address>
         <run_address>0x13bca</run_address>
         <size>0xb2</size>
         <input_file_ref idref="fl-d5"/>
      </object_component>
      <object_component id="oc-2c2">
         <name>.debug_info</name>
         <load_address>0x13c7c</load_address>
         <run_address>0x13c7c</run_address>
         <size>0x40a</size>
         <input_file_ref idref="fl-d6"/>
      </object_component>
      <object_component id="oc-2ba">
         <name>.debug_info</name>
         <load_address>0x14086</load_address>
         <run_address>0x14086</run_address>
         <size>0x1f2</size>
         <input_file_ref idref="fl-d6"/>
      </object_component>
      <object_component id="oc-2d7">
         <name>.debug_info</name>
         <load_address>0x14278</load_address>
         <run_address>0x14278</run_address>
         <size>0x16b</size>
         <input_file_ref idref="fl-d6"/>
      </object_component>
      <object_component id="oc-1f1">
         <name>.debug_info</name>
         <load_address>0x143e3</load_address>
         <run_address>0x143e3</run_address>
         <size>0x1d9</size>
         <input_file_ref idref="fl-d6"/>
      </object_component>
      <object_component id="oc-1ec">
         <name>.debug_info</name>
         <load_address>0x145bc</load_address>
         <run_address>0x145bc</run_address>
         <size>0x1c2</size>
         <input_file_ref idref="fl-d6"/>
      </object_component>
      <object_component id="oc-e2">
         <name>.debug_info</name>
         <load_address>0x1477e</load_address>
         <run_address>0x1477e</run_address>
         <size>0x2c</size>
         <input_file_ref idref="fl-d6"/>
      </object_component>
      <object_component id="oc-38d">
         <name>.debug_info</name>
         <load_address>0x147aa</load_address>
         <run_address>0x147aa</run_address>
         <size>0x421</size>
         <input_file_ref idref="fl-d7"/>
      </object_component>
      <object_component id="oc-2a8">
         <name>.debug_info</name>
         <load_address>0x14bcb</load_address>
         <run_address>0x14bcb</run_address>
         <size>0x187</size>
         <input_file_ref idref="fl-d7"/>
      </object_component>
      <object_component id="oc-482">
         <name>.debug_info</name>
         <load_address>0x14d52</load_address>
         <run_address>0x14d52</run_address>
         <size>0x1e0</size>
         <input_file_ref idref="fl-d7"/>
      </object_component>
      <object_component id="oc-487">
         <name>.debug_info</name>
         <load_address>0x14f32</load_address>
         <run_address>0x14f32</run_address>
         <size>0x3f7</size>
         <input_file_ref idref="fl-d8"/>
      </object_component>
      <object_component id="oc-3c6">
         <name>.debug_info</name>
         <load_address>0x15329</load_address>
         <run_address>0x15329</run_address>
         <size>0x23a</size>
         <input_file_ref idref="fl-d8"/>
      </object_component>
      <object_component id="oc-47a">
         <name>.debug_info</name>
         <load_address>0x15563</load_address>
         <run_address>0x15563</run_address>
         <size>0x120</size>
         <input_file_ref idref="fl-d8"/>
      </object_component>
      <object_component id="oc-1bd">
         <name>.debug_info</name>
         <load_address>0x15683</load_address>
         <run_address>0x15683</run_address>
         <size>0x3da</size>
         <input_file_ref idref="fl-d9"/>
      </object_component>
      <object_component id="oc-1b7">
         <name>.debug_info</name>
         <load_address>0x15a5d</load_address>
         <run_address>0x15a5d</run_address>
         <size>0x14c</size>
         <input_file_ref idref="fl-d9"/>
      </object_component>
      <object_component id="oc-1b1">
         <name>.debug_info</name>
         <load_address>0x15ba9</load_address>
         <run_address>0x15ba9</run_address>
         <size>0x15b</size>
         <input_file_ref idref="fl-d9"/>
      </object_component>
      <object_component id="oc-fd">
         <name>.debug_info</name>
         <load_address>0x15d04</load_address>
         <run_address>0x15d04</run_address>
         <size>0x1a1</size>
         <input_file_ref idref="fl-d9"/>
      </object_component>
      <object_component id="oc-2dd">
         <name>.debug_info</name>
         <load_address>0x15ea5</load_address>
         <run_address>0x15ea5</run_address>
         <size>0x369</size>
         <input_file_ref idref="fl-da"/>
      </object_component>
      <object_component id="oc-1f6">
         <name>.debug_info</name>
         <load_address>0x1620e</load_address>
         <run_address>0x1620e</run_address>
         <size>0x200</size>
         <input_file_ref idref="fl-da"/>
      </object_component>
      <object_component id="oc-2de">
         <name>.debug_info</name>
         <load_address>0x1640e</load_address>
         <run_address>0x1640e</run_address>
         <size>0xbf</size>
         <input_file_ref idref="fl-da"/>
      </object_component>
      <object_component id="oc-429">
         <name>.debug_info</name>
         <load_address>0x164cd</load_address>
         <run_address>0x164cd</run_address>
         <size>0x28f</size>
         <input_file_ref idref="fl-db"/>
      </object_component>
      <object_component id="oc-341">
         <name>.debug_info</name>
         <load_address>0x1675c</load_address>
         <run_address>0x1675c</run_address>
         <size>0x247</size>
         <input_file_ref idref="fl-db"/>
      </object_component>
      <object_component id="oc-451">
         <name>.debug_info</name>
         <load_address>0x169a3</load_address>
         <run_address>0x169a3</run_address>
         <size>0x27f</size>
         <input_file_ref idref="fl-dc"/>
      </object_component>
      <object_component id="oc-387">
         <name>.debug_info</name>
         <load_address>0x16c22</load_address>
         <run_address>0x16c22</run_address>
         <size>0x258</size>
         <input_file_ref idref="fl-dc"/>
      </object_component>
      <object_component id="oc-38f">
         <name>.debug_info</name>
         <load_address>0x16e7a</load_address>
         <run_address>0x16e7a</run_address>
         <size>0x2a4</size>
         <input_file_ref idref="fl-dd"/>
      </object_component>
      <object_component id="oc-2ad">
         <name>.debug_info</name>
         <load_address>0x1711e</load_address>
         <run_address>0x1711e</run_address>
         <size>0x25a</size>
         <input_file_ref idref="fl-dd"/>
      </object_component>
      <object_component id="oc-3bc">
         <name>.debug_info</name>
         <load_address>0x17378</load_address>
         <run_address>0x17378</run_address>
         <size>0x4c5</size>
         <input_file_ref idref="fl-de"/>
      </object_component>
      <object_component id="oc-2b3">
         <name>.debug_info</name>
         <load_address>0x1783d</load_address>
         <run_address>0x1783d</run_address>
         <size>0xf8</size>
         <input_file_ref idref="fl-de"/>
      </object_component>
      <object_component id="oc-449">
         <name>.debug_info</name>
         <load_address>0x17935</load_address>
         <run_address>0x17935</run_address>
         <size>0xf8</size>
         <input_file_ref idref="fl-de"/>
      </object_component>
[...]
         <name>__stack</name>
         <value>0x2000fe00</value>
         <object_component_ref idref="oc-26"/>
      </symbol>
      <symbol id="sm-588">
         <name>_c_int00_noargs</name>
         <value>0x5949</value>
         <object_component_ref idref="oc-55"/>
      </symbol>
      <symbol id="sm-5ae">
         <name>C$$EXIT</name>
         <value>0x5cb1</value>
         <object_component_ref idref="oc-149"/>
      </symbol>
      <symbol id="sm-5af">
         <name>abort</name>
         <value>0x5cb1</value>
         <object_component_ref idref="oc-149"/>
      </symbol>
      <symbol id="sm-5b0">
         <name>__TI_dtors_ptr</name>
         <value>0x200009fc</value>
         <object_component_ref idref="oc-202"/>
      </symbol>
      <symbol id="sm-5b1">
         <name>__TI_cleanup_ptr</name>
         <value>0x200009f8</value>
         <object_component_ref idref="oc-202"/>
      </symbol>
      <symbol id="sm-5b2">
         <name>__TI_enable_exit_profile_output</name>
         <value>0x20000a00</value>
         <object_component_ref idref="oc-202"/>
      </symbol>
      <symbol id="sm-5b3">
         <name>exit</name>
         <value>0x56f5</value>
         <object_component_ref idref="oc-14f"/>
      </symbol>
      <symbol id="sm-5c8">
         <name>_nop</name>
         <value>0x21cf</value>
         <object_component_ref idref="oc-26f"/>
      </symbol>
      <symbol id="sm-5c9">
         <name>_lock</name>
         <value>0x20000a1c</value>
         <object_component_ref idref="oc-1aa"/>
      </symbol>
      <symbol id="sm-5ca">
         <name>_unlock</name>
         <value>0x20000a20</value>
         <object_component_ref idref="oc-1aa"/>
      </symbol>
      <symbol id="sm-5ef">
         <name>add_device</name>
         <value>0x4a7d</value>
         <object_component_ref idref="oc-1e3"/>
      </symbol>
      <symbol id="sm-60a">
         <name>__TI_tmpnams</name>
         <value>0x20000f60</value>
      </symbol>
      <symbol id="sm-60b">
         <name>__aeabi_stdout</name>
         <value>0x200009e0</value>
         <object_component_ref idref="oc-2be"/>
      </symbol>
      <symbol id="sm-60c">
         <name>__aeabi_stderr</name>
         <value>0x200009e4</value>
         <object_component_ref idref="oc-2be"/>
      </symbol>
      <symbol id="sm-60d">
         <name>__aeabi_stdin</name>
         <value>0x200009dc</value>
         <object_component_ref idref="oc-2be"/>
      </symbol>
      <symbol id="sm-60e">
         <name>_ftable</name>
         <value>0x200007d0</value>
         <object_component_ref idref="oc-1ad"/>
      </symbol>
      <symbol id="sm-60f">
         <name>__TI_ft_end</name>
         <value>0x200009d8</value>
         <object_component_ref idref="oc-2be"/>
      </symbol>
      <symbol id="sm-662">
         <name>__TI_cleanup</name>
         <value>0x59f1</value>
         <object_component_ref idref="oc-2d6"/>
      </symbol>
      <symbol id="sm-663">
         <name>freopen</name>
         <value>0x5a59</value>
         <object_component_ref idref="oc-1ef"/>
      </symbol>
      <symbol id="sm-664">
         <name>fopen</name>
         <value>0x4be9</value>
         <object_component_ref idref="oc-1e9"/>
      </symbol>
      <symbol id="sm-682">
         <name>finddevice</name>
         <value>0x5a8d</value>
         <object_component_ref idref="oc-2a5"/>
      </symbol>
      <symbol id="sm-683">
         <name>getdevice</name>
         <value>0x5851</value>
         <object_component_ref idref="oc-47f"/>
      </symbol>
      <symbol id="sm-6a5">
         <name>open</name>
         <value>0x49c1</value>
         <object_component_ref idref="oc-3c4"/>
      </symbol>
      <symbol id="sm-6cc">
         <name>printf</name>
         <value>0x5261</value>
         <object_component_ref idref="oc-fc"/>
      </symbol>
      <symbol id="sm-6ed">
         <name>setvbuf</name>
         <value>0x466d</value>
         <object_component_ref idref="oc-1f5"/>
      </symbol>
      <symbol id="sm-6fd">
         <name>strchr</name>
         <value>0x5c09</value>
         <object_component_ref idref="oc-33f"/>
      </symbol>
      <symbol id="sm-70c">
         <name>strcmp</name>
         <value>0x5bf1</value>
         <object_component_ref idref="oc-386"/>
      </symbol>
      <symbol id="sm-71c">
         <name>strncpy</name>
         <value>0x59b9</value>
         <object_component_ref idref="oc-2ab"/>
      </symbol>
      <symbol id="sm-738">
         <name>_stream</name>
         <value>0x20000938</value>
         <object_component_ref idref="oc-448"/>
      </symbol>
      <symbol id="sm-739">
         <name>_device</name>
         <value>0x200008c0</value>
         <object_component_ref idref="oc-2b2"/>
      </symbol>
      <symbol id="sm-73a">
         <name>write</name>
         <value>0x5b69</value>
         <object_component_ref idref="oc-37c"/>
      </symbol>
      <symbol id="sm-755">
         <name>memcpy</name>
         <value>0x4c85</value>
         <object_component_ref idref="oc-37"/>
      </symbol>
      <symbol id="sm-756">
         <name>__aeabi_memcpy</name>
         <value>0x4c85</value>
         <object_component_ref idref="oc-37"/>
      </symbol>
      <symbol id="sm-757">
         <name>__aeabi_memcpy8</name>
         <value>0x4c85</value>
         <object_component_ref idref="oc-37"/>
      </symbol>
      <symbol id="sm-758">
         <name>__aeabi_memcpy4</name>
         <value>0x4c85</value>
         <object_component_ref idref="oc-37"/>
      </symbol>
      <symbol id="sm-780">
         <name>__TI_auto_init_nobinit_nopinit</name>
         <value>0x580d</value>
         <object_component_ref idref="oc-155"/>
      </symbol>
      <symbol id="sm-78a">
         <name>_system_pre_init</name>
         <value>0x5cad</value>
         <object_component_ref idref="oc-9d"/>
      </symbol>
      <symbol id="sm-801">
         <name>_sys_memory</name>
         <value>0x20000a40</value>
         <object_component_ref idref="oc-29"/>
      </symbol>
      <symbol id="sm-802">
         <name>free</name>
         <value>0x4749</value>
         <object_component_ref idref="oc-2ca"/>
      </symbol>
      <symbol id="sm-803">
         <name>malloc</name>
         <value>0x4fcd</value>
         <object_component_ref idref="oc-2d0"/>
      </symbol>
      <symbol id="sm-804">
         <name>minit</name>
         <value>0x5981</value>
         <object_component_ref idref="oc-3de"/>
      </symbol>
      <symbol id="sm-969">
         <name>__TI_printfi</name>
         <value>0x1771</value>
         <object_component_ref idref="oc-1a4"/>
      </symbol>
      <symbol id="sm-97f">
         <name>atoi</name>
         <value>0x56a9</value>
         <object_component_ref idref="oc-228"/>
      </symbol>
      <symbol id="sm-98a">
         <name>_ctypes_</name>
         <value>0x5cb4</value>
         <object_component_ref idref="oc-2fc"/>
      </symbol>
      <symbol id="sm-99f">
         <name>__TI_closefile</name>
         <value>0x5045</value>
         <object_component_ref idref="oc-2c3"/>
      </symbol>
      <symbol id="sm-9af">
         <name>__TI_doflush</name>
         <value>0x565d</value>
         <object_component_ref idref="oc-376"/>
      </symbol>
      <symbol id="sm-9c4">
         <name>putc</name>
         <value>0x4db9</value>
         <object_component_ref idref="oc-284"/>
      </symbol>
      <symbol id="sm-9c5">
         <name>fputc</name>
         <value>0x4db9</value>
         <object_component_ref idref="oc-284"/>
      </symbol>
      <symbol id="sm-9e3">
         <name>fputs</name>
         <value>0x434d</value>
         <object_component_ref idref="oc-27d"/>
      </symbol>
      <symbol id="sm-9f2">
         <name>ltoa</name>
         <value>0x55b7</value>
         <object_component_ref idref="oc-312"/>
      </symbol>
      <symbol id="sm-a02">
         <name>memccpy</name>
         <value>0x5bd5</value>
         <object_component_ref idref="oc-251"/>
      </symbol>
      <symbol id="sm-a12">
         <name>memchr</name>
         <value>0x5bb5</value>
         <object_component_ref idref="oc-370"/>
      </symbol>
      <symbol id="sm-a21">
         <name>strlen</name>
         <value>0x5c47</value>
         <object_component_ref idref="oc-222"/>
      </symbol>
      <symbol id="sm-a32">
         <name>HOSTclose</name>
         <value>0x5785</value>
         <object_component_ref idref="oc-396"/>
      </symbol>
      <symbol id="sm-a43">
         <name>HOSTlseek</name>
         <value>0x5129</value>
         <object_component_ref idref="oc-3a8"/>
      </symbol>
      <symbol id="sm-a55">
         <name>parmbuf</name>
         <value>0x20001008</value>
      </symbol>
      <symbol id="sm-a56">
         <name>HOSTopen</name>
         <value>0x53f5</value>
         <object_component_ref idref="oc-390"/>
      </symbol>
      <symbol id="sm-a67">
         <name>HOSTread</name>
         <value>0x54b1</value>
         <object_component_ref idref="oc-39c"/>
      </symbol>
      <symbol id="sm-a78">
         <name>HOSTrename</name>
         <value>0x5191</value>
         <object_component_ref idref="oc-3b4"/>
      </symbol>
      <symbol id="sm-a89">
         <name>HOSTunlink</name>
         <value>0x57c9</value>
         <object_component_ref idref="oc-3ae"/>
      </symbol>
      <symbol id="sm-a9a">
         <name>HOSTwrite</name>
         <value>0x5509</value>
         <object_component_ref idref="oc-3a2"/>
      </symbol>
      <symbol id="sm-abe">
         <name>__TI_readmsg</name>
         <value>0x5a25</value>
         <object_component_ref idref="oc-45c"/>
      </symbol>
      <symbol id="sm-abf">
         <name>C$$IO$$</name>
         <value>0x593f</value>
         <object_component_ref idref="oc-456"/>
      </symbol>
      <symbol id="sm-ac0">
         <name>__CIOBUF_</name>
         <value>0x20000e40</value>
         <object_component_ref idref="oc-4b6"/>
      </symbol>
      <symbol id="sm-ac1">
         <name>__TI_writemsg</name>
         <value>0x5911</value>
         <object_component_ref idref="oc-456"/>
      </symbol>
      <symbol id="sm-ad1">
         <name>unlink</name>
         <value>0x5aed</value>
         <object_component_ref idref="oc-3d5"/>
      </symbol>
      <symbol id="sm-af1">
         <name>frexpl</name>
         <value>0x52c9</value>
         <object_component_ref idref="oc-333"/>
      </symbol>
      <symbol id="sm-af2">
         <name>frexp</name>
         <value>0x52c9</value>
         <object_component_ref idref="oc-333"/>
      </symbol>
      <symbol id="sm-b0f">
         <name>scalbn</name>
         <value>0x4461</value>
         <object_component_ref idref="oc-339"/>
      </symbol>
      <symbol id="sm-b10">
         <name>scalbnl</name>
         <value>0x4461</value>
         <object_component_ref idref="oc-339"/>
      </symbol>
      <symbol id="sm-b11">
         <name>ldexpl</name>
         <value>0x4461</value>
         <object_component_ref idref="oc-339"/>
      </symbol>
      <symbol id="sm-b12">
         <name>ldexp</name>
         <value>0x4461</value>
         <object_component_ref idref="oc-339"/>
      </symbol>
      <symbol id="sm-b1c">
         <name>copysign</name>
         <value>0x5c1f</value>
         <object_component_ref idref="oc-420"/>
      </symbol>
      <symbol id="sm-b1d">
         <name>copysignl</name>
         <value>0x5c1f</value>
         <object_component_ref idref="oc-420"/>
      </symbol>
      <symbol id="sm-b36">
         <name>wcslen</name>
         <value>0x5c6d</value>
         <object_component_ref idref="oc-257"/>
      </symbol>
      <symbol id="sm-b58">
         <name>__aeabi_cdcmpeq</name>
         <value>0x4e45</value>
         <object_component_ref idref="oc-234"/>
      </symbol>
      <symbol id="sm-b59">
         <name>__aeabi_cdcmple</name>
         <value>0x4e45</value>
         <object_component_ref idref="oc-234"/>
      </symbol>
      <symbol id="sm-b5a">
         <name>__aeabi_cdrcmple</name>
         <value>0x4ecb</value>
         <object_component_ref idref="oc-30d"/>
      </symbol>
      <symbol id="sm-b6e">
         <name>__aeabi_ddiv</name>
         <value>0x40f5</value>
         <object_component_ref idref="oc-308"/>
      </symbol>
      <symbol id="sm-b7b">
         <name>__aeabi_uldivmod</name>
         <value>0x4d21</value>
         <object_component_ref idref="oc-301"/>
      </symbol>
      <symbol id="sm-b91">
         <name>__aeabi_errno_addr</name>
         <value>0x5c9d</value>
         <object_component_ref idref="oc-25d"/>
      </symbol>
      <symbol id="sm-b92">
         <name>errno</name>
         <value>0x20000a2c</value>
         <object_component_ref idref="oc-34f"/>
      </symbol>
      <symbol id="sm-ba5">
         <name>__TI_wrt_ok</name>
         <value>0x5391</value>
         <object_component_ref idref="oc-36a"/>
      </symbol>
      <symbol id="sm-bb9">
         <name>close</name>
         <value>0x5455</value>
         <object_component_ref idref="oc-3cf"/>
      </symbol>
      <symbol id="sm-bcb">
         <name>fseek</name>
         <value>0x532d</value>
         <object_component_ref idref="oc-43c"/>
      </symbol>
      <symbol id="sm-bdb">
         <name>lseek</name>
         <value>0x5b19</value>
         <object_component_ref idref="oc-4a4"/>
      </symbol>
      <symbol id="sm-be9">
         <name>strcpy</name>
         <value>0x5c33</value>
         <object_component_ref idref="oc-470"/>
      </symbol>
      <symbol id="sm-bf3">
         <name>__aeabi_idiv0</name>
         <value>0x3e23</value>
         <object_component_ref idref="oc-40b"/>
      </symbol>
      <symbol id="sm-bf4">
         <name>__aeabi_ldiv0</name>
         <value>0x3e23</value>
         <object_component_ref idref="oc-40b"/>
      </symbol>
      <symbol id="sm-bf5">
         <name>__TI_static_base__</name>
         <value>0x0</value>
      </symbol>
      <symbol id="sm-bf8">
         <name>__mpu_init</name>
         <value>0x0</value>
      </symbol>
      <symbol id="sm-bf9">
         <name>_system_post_cinit</name>
         <value>0x0</value>
      </symbol>
      <symbol id="sm-bfa">
         <name>NMI_Handler</name>
         <value>0x5c99</value>
      </symbol>
      <symbol id="sm-bfb">
         <name>HardFault_Handler</name>
         <value>0x5c99</value>
      </symbol>
      <symbol id="sm-bfc">
         <name>MemManage_Handler</name>
         <value>0x5c99</value>
      </symbol>
      <symbol id="sm-bfd">
         <name>BusFault_Handler</name>
         <value>0x5c99</value>
      </symbol>
      <symbol id="sm-bfe">
         <name>UsageFault_Handler</name>
         <value>0x5c99</value>
      </symbol>
      <symbol id="sm-bff">
         <name>SVC_Handler</name>
         <value>0x5c99</value>
      </symbol>
      <symbol id="sm-c00">
         <name>DebugMon_Handler</name>
         <value>0x5c99</value>
      </symbol>
      <symbol id="sm-c01">
         <name>PendSV_Handler</name>
         <value>0x5c99</value>
      </symbol>
      <symbol id="sm-c02">
         <name>SysTick_Handler</name>
         <value>0x5c99</value>
      </symbol>
      <symbol id="sm-c03">
         <name>PSS_IRQHandler</name>
         <value>0x5c99</value>
      </symbol>
      <symbol id="sm-c04">
         <name>CS_IRQHandler</name>
         <value>0x5c99</value>
      </symbol>
      <symbol id="sm-c05">
         <name>PCM_IRQHandler</name>
         <value>0x5c99</value>
      </symbol>
      <symbol id="sm-c06">
         <name>WDT_A_IRQHandler</name>
         <value>0x5c99</value>
      </symbol>
      <symbol id="sm-c07">
         <name>FPU_IRQHandler</name>
         <value>0x5c99</value>
      </symbol>
      <symbol id="sm-c08">
         <name>FLCTL_IRQHandler</name>
         <value>0x5c99</value>
      </symbol>
      <symbol id="sm-c09">
         <name>COMP_E0_IRQHandler</name>
         <value>0x5c99</value>
      </symbol>
      <symbol id="sm-c0a">
         <name>COMP_E1_IRQHandler</name>
         <value>0x5c99</value>
      </symbol>
      <symbol id="sm-c0b">
         <name>TA0_0_IRQHandler</name>
         <value>0x5c99</value>
      </symbol>
      <symbol id="sm-c0c">
         <name>TA0_N_IRQHandler</name>
         <value>0x5c99</value>
      </symbol>
      <symbol id="sm-c0d">
         <name>TA1_0_IRQHandler</name>
         <value>0x5c99</value>
      </symbol>
      <symbol id="sm-c0e">
         <name>TA1_N_IRQHandler</name>
         <value>0x5c99</value>
      </symbol>
      <symbol id="sm-c0f">
         <name>TA2_0_IRQHandler</name>
         <value>0x5c99</value>
      </symbol>
      <symbol id="sm-c10">
         <name>TA2_N_IRQHandler</name>
         <value>0x48a9</value>
      </symbol>
      <symbol id="sm-c11">
         <name>TA3_0_IRQHandler</name>
         <value>0x5c99</value>
      </symbol>
      <symbol id="sm-c12">
         <name>TA3_N_IRQHandler</name>
         <value>0x5c99</value>
      </symbol>
      <symbol id="sm-c13">
         <name>EUSCIA0_IRQHandler</name>
         <value>0x5c99</value>
      </symbol>
      <symbol id="sm-c14">
         <name>EUSCIA1_IRQHandler</name>
         <value>0x5c99</value>
      </symbol>
      <symbol id="sm-c15">
         <name>EUSCIA2_IRQHandler</name>
         <value>0x5c99</value>
      </symbol>
      <symbol id="sm-c16">
         <name>EUSCIA3_IRQHandler</name>
         <value>0x5c99</value>
      </symbol>
      <symbol id="sm-c17">
         <name>EUSCIB0_IRQHandler</name>
         <value>0x5c99</value>
      </symbol>
      <symbol id="sm-c18">
         <name>EUSCIB1_IRQHandler</name>
         <value>0x5c99</value>
      </symbol>
      <symbol id="sm-c19">
         <name>EUSCIB2_IRQHandler</name>
         <value>0x5c99</value>
      </symbol>
      <symbol id="sm-c1a">
         <name>EUSCIB3_IRQHandler</name>
         <value>0x5c99</value>
      </symbol>
      <symbol id="sm-c1b">
         <name>ADC14_IRQHandler</name>
         <value>0x5c99</value>
      </symbol>
      <symbol id="sm-c1c">
         <name>T32_INT1_IRQHandler</name>
         <value>0x2a69</value>
      </symbol>
      <symbol id="sm-c1d">
         <name>T32_INT2_IRQHandler</name>
         <value>0x5c99</value>
      </symbol>
      <symbol id="sm-c1e">
         <name>T32_INTC_IRQHandler</name>
         <value>0x5c99</value>
      </symbol>
      <symbol id="sm-c1f">
         <name>AES256_IRQHandler</name>
         <value>0x5c99</value>
      </symbol>
      <symbol id="sm-c20">
         <name>RTC_C_IRQHandler</name>
         <value>0x5c99</value>
      </symbol>
      <symbol id="sm-c21">
         <name>DMA_ERR_IRQHandler</name>
         <value>0x5c99</value>
      </symbol>
      <symbol id="sm-c22">
         <name>DMA_INT3_IRQHandler</name>
         <value>0x5c99</value>
      </symbol>
      <symbol id="sm-c23">
         <name>DMA_INT2_IRQHandler</name>
         <value>0x5c99</value>
      </symbol>
      <symbol id="sm-c24">
         <name>DMA_INT1_IRQHandler</name>
         <value>0x5c99</value>
      </symbol>
      <symbol id="sm-c25">
         <name>DMA_INT0_IRQHandler</name>
         <value>0x5c99</value>
      </symbol>
      <symbol id="sm-c26">
         <name>PORT1_IRQHandler</name>
         <value>0x5c99</value>
      </symbol>
      <symbol id="sm-c27">
         <name>PORT2_IRQHandler</name>
         <value>0x5c99</value>
      </symbol>
      <symbol id="sm-c28">
         <name>PORT3_IRQHandler</name>
         <value>0x5c99</value>
      </symbol>
      <symbol id="sm-c29">
         <name>PORT4_IRQHandler</name>
         <value>0x5c99</value>
      </symbol>
      <symbol id="sm-c2a">
         <name>PORT5_IRQHandler</name>
         <value>0x5c99</value>
      </symbol>
      <symbol id="sm-c2b">
         <name>PORT6_IRQHandler</name>
         <value>0x5c99</value>
      </symbol>
      <symbol id="sm-c2c">
         <name>remove</name>
         <value>0x5aed</value>
      </symbol>
   </symbol_table>
   <title>Link successful</title>
</link_info>
