******************************************************************************
                  TI ARM Linker PC v18.1.1                     
******************************************************************************
>> Linked Tue Oct 13 20:05:41 2020

OUTPUT FILE NAME:   <papo.out>
ENTRY POINT SYMBOL: "_c_int00_noargs"  address: 00005949


MEMORY CONFIGURATION

         name            origin    length      used     unused   attr    fill
----------------------  --------  ---------  --------  --------  ----  --------
  MAIN                  00000000   00040000  00005e88  0003a178  R  X
  INFO                  00200000   00004000  00000000  00004000  R  X
  SRAM_CODE             01000000   00010000  00001242  0000edbe  RW X
  SRAM_DATA             20000000   00010000  00001242  0000edbe  RW  


SEGMENT ALLOCATION MAP

run origin  load origin   length   init length attrs members
----------  ----------- ---------- ----------- ----- -------
00000000    00000000    00005e88   00005e88    r-x
  00000000    00000000    000000e4   000000e4    r-- .intvecs
  000000e4    000000e4    00005bd0   00005bd0    r-x .text
  00005cb4    00005cb4    00000124   00000124    r-- .const
  00005dd8    00005dd8    000000b0   000000b0    r-- .cinit
20000000    20000000    00001046   00000000    rw-
  20000000    20000000    00000a3c   00000000    rw- .data
  20000a40    20000a40    00000400   00000000    rw- .sysmem
  20000e40    20000e40    00000206   00000000    rw- .bss
2000fe00    2000fe00    00000200   00000000    rw-
  2000fe00    2000fe00    00000200   00000000    rw- .stack


SECTION ALLOCATION MAP

 output                                  attributes/
section   page    origin      length       input sections
--------  ----  ----------  ----------   ----------------
.intvecs   0    00000000    000000e4     
                  00000000    000000e4     startup_msp432p401r_ccs.obj (.intvecs:retain)

.text      0    000000e4    00005bd0     
                  000000e4    0000168c     main3.obj (.text)
                  00001770    00000a5e     rtsv7M4_T_le_v4SPD16_eabi.lib : _printfi.c.obj (.text:__TI_printfi)
                  000021ce    00000002                                   : _lock.c.obj (.text:_nop)
                  000021d0    000006bc     UART0.obj (.text)
                  0000288c    00000630     TExaS.obj (.text)
                  00002ebc    00000334     system_msp432p401r.obj (.text)
                  000031f0    00000270     rtsv7M4_T_le_v4SPD16_eabi.lib : _printfi.c.obj (.text:_pconv_a)
                  00003460    00000234     Reflectance.obj (.text)
                  00003694    00000228     PWM.obj (.text)
                  000038bc    000001e0     Clock.obj (.text)
                  00003a9c    000001d0     rtsv7M4_T_le_v4SPD16_eabi.lib : _printfi.c.obj (.text:_pconv_g)
                  00003c6c    000001b6                                   : fd_add_t2.asm.obj (.text)
                  00003e22    00000002                                   : div0.asm.obj (.text)
                  00003e24    00000194     Motor.obj (.text)
                  00003fb8    0000013c     rtsv7M4_T_le_v4SPD16_eabi.lib : _printfi.c.obj (.text:_pconv_e)
                  000040f4    00000136                                   : fd_div_t2.asm.obj (.text)
                  0000422a    00000002     --HOLE-- [fill = 0]
                  0000422c    00000120                                   : _printfi.c.obj (.text:fcvt)
                  0000434c    00000114                                   : fputs.c.obj (.text:fputs)
                  00004460    00000110                                   : s_scalbn.c.obj (.text:scalbn)
                  00004570    000000fc                                   : fd_mul_t2.asm.obj (.text)
                  0000466c    000000dc                                   : setvbuf.c.obj (.text:setvbuf)
                  00004748    000000d8                                   : memory.c.obj (.text:free)
                  00004820    000000d0     TA2InputCapture.obj (.text)
                  000048f0    000000d0     rtsv7M4_T_le_v4SPD16_eabi.lib : fopen.c.obj (.text:_openfile)
                  000049c0    000000bc                                   : open.c.obj (.text:open)
                  00004a7c    000000b8                                   : add_device.c.obj (.text:add_device)
                  00004b34    000000b1                                   : _printfi.c.obj (.text:_ltostr)
                  00004be5    00000003     --HOLE-- [fill = 0]
                  00004be8    0000009c                                   : fopen.c.obj (.text:fopen)
                  00004c84    0000009c                                   : memcpy_t2.asm.obj (.text)
                  00004d20    00000096                                   : ull_div_t2.asm.obj (.text)
                  00004db6    00000002     --HOLE-- [fill = 0]
                  00004db8    0000008c                                   : fputc.c.obj (.text:fputc)
                  00004e44    00000086                                   : fd_cmp_t2.asm.obj (.text:__aeabi_cdcmple)
                  00004eca    00000086                                   : fd_cmp_t2.asm.obj (.text:__aeabi_cdrcmple)
                  00004f50    0000007a                                   : memset_t2.asm.obj (.text)
                  00004fca    00000002     --HOLE-- [fill = 0]
                  00004fcc    00000078                                   : memory.c.obj (.text:malloc)
                  00005044    00000074                                   : fclose.c.obj (.text:__TI_closefile)
                  000050b8    0000006e                                   : _printfi.c.obj (.text:_mcpy)
                  00005126    00000002     --HOLE-- [fill = 0]
                  00005128    00000068                                   : hostlseek.c.obj (.text:HOSTlseek)
                  00005190    00000068                                   : hostrename.c.obj (.text:HOSTrename)
                  000051f8    00000068                                   : copy_decompress_lzss.c.obj (.text:decompress:lzss:__TI_decompress_lzss)
                  00005260    00000068                                   : printf.c.obj (.text:printf)
                  000052c8    00000064                                   : s_frexp.c.obj (.text:frexp)
                  0000532c    00000064                                   : fseek.c.obj (.text:fseek)
                  00005390    00000062                                   : _io_perm.c.obj (.text:__TI_wrt_ok)
                  000053f2    00000002     --HOLE-- [fill = 0]
                  000053f4    00000060                                   : hostopen.c.obj (.text:HOSTopen)
                  00005454    0000005c                                   : close.c.obj (.text:close)
                  000054b0    00000058                                   : hostread.c.obj (.text:HOSTread)
                  00005508    00000058                                   : hostwrite.c.obj (.text:HOSTwrite)
                  00005560    00000056                                   : _printfi.c.obj (.text:_pconv_f)
                  000055b6    00000054                                   : ltoa.c.obj (.text:ltoa)
                  0000560a    00000052                                   : _printfi.c.obj (.text:_ecpy)
                  0000565c    0000004c                                   : fflush.c.obj (.text:__TI_doflush)
                  000056a8    0000004c                                   : atoi.c.obj (.text:atoi)
                  000056f4    00000048                                   : exit.c.obj (.text:exit)
                  0000573c    00000048                                   : fd_toi_t2.asm.obj (.text)
                  00005784    00000044                                   : hostclose.c.obj (.text:HOSTclose)
                  000057c8    00000044                                   : hostunlink.c.obj (.text:HOSTunlink)
                  0000580c    00000044                                   : autoinit.c.obj (.text:__TI_auto_init_nobinit_nopinit:__TI_auto_init_nobinit_nopinit)
                  00005850    00000044                                   : getdevice.c.obj (.text:getdevice)
                  00005894    0000003e                                   : _printfi.c.obj (.text:_fcpy)
                  000058d2    00000002     --HOLE-- [fill = 0]
                  000058d4    0000003c                                   : memory.c.obj (.text:minsert)
                  00005910    00000038                                   : trgmsg.c.obj (.text:__TI_writemsg)
                  00005948    00000038                                   : boot_cortex_m.c.obj (.text:_c_int00_noargs:_c_int00_noargs)
                  00005980    00000038                                   : memory.c.obj (.text:minit)
                  000059b8    00000036                                   : strncpy.c.obj (.text:strncpy)
                  000059ee    00000002     --HOLE-- [fill = 0]
                  000059f0    00000034                                   : fopen.c.obj (.text:__TI_cleanup)
                  00005a24    00000034                                   : trgmsg.c.obj (.text:__TI_readmsg)
                  00005a58    00000034                                   : fopen.c.obj (.text:freopen)
                  00005a8c    00000030                                   : getdevice.c.obj (.text:finddevice)
                  00005abc    0000002e                                   : i_tofd_t2.asm.obj (.text)
                  00005aea    00000002     --HOLE-- [fill = 0]
                  00005aec    0000002c                                   : unlink.c.obj (.text:unlink)
                  00005b18    00000028                                   : lseek.c.obj (.text:lseek)
                  00005b40    00000028                                   : memory.c.obj (.text:mremove)
                  00005b68    00000028                                   : write.c.obj (.text:write)
                  00005b90    00000024     CortexM.obj (.text)
                  00005bb4    00000020     rtsv7M4_T_le_v4SPD16_eabi.lib : memchr.c.obj (.text:memchr)
                  00005bd4    0000001c                                   : memccpy.c.obj (.text:memccpy)
                  00005bf0    00000018                                   : strcmp.c.obj (.text:strcmp)
                  00005c08    00000016                                   : strchr.c.obj (.text:strchr)
                  00005c1e    00000014                                   : s_copysign.c.obj (.text:copysign)
                  00005c32    00000014                                   : strcpy.c.obj (.text:strcpy)
                  00005c46    00000014                                   : strlen.c.obj (.text:strlen)
                  00005c5a    00000012                                   : copy_zero_init.c.obj (.text:decompress:ZI:__TI_zero_init_nomemset:__TI_zero_init_nomemset)
                  00005c6c    00000012                                   : wcslen.c.obj (.text:wcslen)
                  00005c7e    0000000e                                   : copy_decompress_none.c.obj (.text:decompress:none:__TI_decompress_none)
                  00005c8c    0000000e     startup_msp432p401r_ccs.obj (.text)
                  00005c9a    00000002     --HOLE-- [fill = 0]
                  00005c9c    00000008     rtsv7M4_T_le_v4SPD16_eabi.lib : errno.c.obj (.text:__aeabi_errno_addr)
                  00005ca4    00000004                                   : printf.c.obj (.text:_outc)
                  00005ca8    00000004                                   : printf.c.obj (.text:_outs)
                  00005cac    00000004                                   : pre_init.c.obj (.text:_system_pre_init)
                  00005cb0    00000004                                   : exit.c.obj (.text:abort:abort)

.const     0    00005cb4    00000124     
                  00005cb4    00000101     rtsv7M4_T_le_v4SPD16_eabi.lib : ctype.c.obj (.const:.string:_ctypes_)
                  00005db5    00000003     --HOLE-- [fill = 0]
                  00005db8    00000020     Reflectance.obj (.const:$P$T0$1)

.cinit     0    00005dd8    000000b0     
                  00005dd8    0000008c     (.cinit..data.load) [load image, compression = lzss]
                  00005e64    0000000c     (__TI_handler_table)
                  00005e70    00000008     (.cinit..bss.load) [load image, compression = zero_init]
                  00005e78    00000010     (__TI_cinit_table)

.init_array 
*          0    00000000    00000000     UNINITIALIZED

.binit     0    00000000    00000000     

.data      0    20000000    00000a3c     UNINITIALIZED
                  20000000    000007d0     main3.obj (.data:buf)
                  200007d0    000000f0     rtsv7M4_T_le_v4SPD16_eabi.lib : defs.c.obj (.data:_ftable)
                  200008c0    00000078                                   : write.c.obj (.data:_device)
                  20000938    00000050                                   : write.c.obj (.data:_stream)
                  20000988    00000038     main3.obj (.data)
                  200009c0    00000018     Clock.obj (.data)
                  200009d8    00000010     rtsv7M4_T_le_v4SPD16_eabi.lib : defs.c.obj (.data)
                  200009e8    00000010     main3.obj (.data:shuzu)
                  200009f8    0000000c     rtsv7M4_T_le_v4SPD16_eabi.lib : exit.c.obj (.data:$O1$$)
                  20000a04    0000000c                                   : memory.c.obj (.data:$O1$$)
                  20000a10    0000000c     TExaS.obj (.data)
                  20000a1c    00000008     rtsv7M4_T_le_v4SPD16_eabi.lib : _lock.c.obj (.data:$O1$$)
                  20000a24    00000004     TA2InputCapture.obj (.data)
                  20000a28    00000004     rtsv7M4_T_le_v4SPD16_eabi.lib : add_device.c.obj (.data)
                  20000a2c    00000004                                   : errno.c.obj (.data)
                  20000a30    00000004                                   : fopen.c.obj (.data)
                  20000a34    00000004                                   : open.c.obj (.data)
                  20000a38    00000004     system_msp432p401r.obj (.data)

.sysmem    0    20000a40    00000400     UNINITIALIZED
                  20000a40    00000008     rtsv7M4_T_le_v4SPD16_eabi.lib : memory.c.obj (.sysmem)
                  20000a48    000003f8     --HOLE--

.bss       0    20000e40    00000206     UNINITIALIZED
                  20000e40    00000120     rtsv7M4_T_le_v4SPD16_eabi.lib : trgmsg.c.obj (.bss:_CIOBUF_)
                  20000f60    000000a0     (.common:__TI_tmpnams)
                  20001000    00000008     (.common:Messageb)
                  20001008    00000008     (.common:parmbuf)
                  20001010    00000004     (.common:Done0)
                  20001014    00000004     (.common:Done2)
                  20001018    00000004     (.common:FallingEdges1)
                  2000101c    00000004     (.common:FallingEdges4)
                  20001020    00000004     (.common:Messageindexb)
                  20001024    00000004     (.common:PeriodicTask2)
                  20001028    00000004     (.common:Sum0)
                  2000102c    00000004     (.common:Sum2)
                  20001030    00000004     (.common:Time)
                  20001034    00000004     (.common:z)
                  20001038    00000002     (.common:Count0)
                  2000103a    00000002     (.common:Count2)
                  2000103c    00000002     (.common:First0)
                  2000103e    00000002     (.common:First2)
                  20001040    00000002     (.common:Period0)
                  20001042    00000002     (.common:Period2)
                  20001044    00000001     (.common:Data)
                  20001045    00000001     (.common:LogicData)

.stack     0    2000fe00    00000200     UNINITIALIZED
                  2000fe00    00000004     rtsv7M4_T_le_v4SPD16_eabi.lib : boot_cortex_m.c.obj (.stack)
                  2000fe04    000001fc     --HOLE--

MODULE SUMMARY

       Module                        code    ro data   rw data
       ------                        ----    -------   -------
    .\
       main3.obj                     5772    0         4234   
       UART0.obj                     1724    0         24     
       TExaS.obj                     1584    0         34     
       system_msp432p401r.obj        820     0         8      
       Reflectance.obj               564     32        0      
       PWM.obj                       552     0         0      
       Clock.obj                     480     0         48     
       Motor.obj                     404     0         0      
       startup_msp432p401r_ccs.obj   14      228       0      
       TA2InputCapture.obj           208     0         8      
       CortexM.obj                   36      0         0      
    +--+-----------------------------+-------+---------+---------+
       Total:                        12158   260       4356   
                                                              
    C:\ti\ccs800\ccsv8\tools\compiler\ti-cgt-arm_18.1.1.LTS\lib\rtsv7M4_T_le_v4SPD16_eabi.lib
       _printfi.c.obj                4863    0         0      
       defs.c.obj                    0       0         832    
       trgmsg.c.obj                  108     0         576    
       memory.c.obj                  492     0         24     
       fopen.c.obj                   468     0         8      
       write.c.obj                   40      0         400    
       fd_add_t2.asm.obj             438     0         0      
       fd_div_t2.asm.obj             310     0         0      
       fputs.c.obj                   276     0         0      
       s_scalbn.c.obj                272     0         0      
       fd_cmp_t2.asm.obj             268     0         0      
       ctype.c.obj                   0       257       0      
       fd_mul_t2.asm.obj             252     0         0      
       setvbuf.c.obj                 220     0         0      
       open.c.obj                    188     0         8      
       add_device.c.obj              184     0         8      
       memcpy_t2.asm.obj             156     0         0      
       ull_div_t2.asm.obj            150     0         0      
       fputc.c.obj                   140     0         0      
       memset_t2.asm.obj             122     0         0      
       fclose.c.obj                  116     0         0      
       getdevice.c.obj               116     0         0      
       hostopen.c.obj                96      0         16     
       printf.c.obj                  112     0         0      
       copy_decompress_lzss.c.obj    104     0         0      
       hostlseek.c.obj               104     0         0      
       hostrename.c.obj              104     0         0      
       exit.c.obj                    76      0         24     
       fseek.c.obj                   100     0         0      
       s_frexp.c.obj                 100     0         0      
       _io_perm.c.obj                98      0         0      
       close.c.obj                   92      0         0      
       hostread.c.obj                88      0         0      
       hostwrite.c.obj               88      0         0      
       ltoa.c.obj                    84      0         0      
       atoi.c.obj                    76      0         0      
       fflush.c.obj                  76      0         0      
       fd_toi_t2.asm.obj             72      0         0      
       autoinit.c.obj                68      0         0      
       hostclose.c.obj               68      0         0      
       hostunlink.c.obj              68      0         0      
       boot_cortex_m.c.obj           56      0         0      
       strncpy.c.obj                 54      0         0      
       i_tofd_t2.asm.obj             46      0         0      
       unlink.c.obj                  44      0         0      
       lseek.c.obj                   40      0         0      
       memchr.c.obj                  32      0         0      
       memccpy.c.obj                 28      0         0      
       strcmp.c.obj                  24      0         0      
       strchr.c.obj                  22      0         0      
       s_copysign.c.obj              20      0         0      
       strcpy.c.obj                  20      0         0      
       strlen.c.obj                  20      0         0      
       _lock.c.obj                   2       0         16     
       copy_zero_init.c.obj          18      0         0      
       wcslen.c.obj                  18      0         0      
       errno.c.obj                   8       0         8      
       copy_decompress_none.c.obj    14      0         0      
       pre_init.c.obj                4       0         0      
       div0.asm.obj                  2       0         0      
    +--+-----------------------------+-------+---------+---------+
       Total:                        11325   257       1920   
                                                              
       Heap:                         0       0         2048   
       Stack:                        0       0         1024   
       Linker Generated:             0       176       0      
    +--+-----------------------------+-------+---------+---------+
       Grand Total:                  23483   693       9348   


LINKER GENERATED COPY TABLES

__TI_cinit_table @ 00005e78 records: 2, size/record: 8, table size: 16
	.data: load addr=00005dd8, load size=0000008c bytes, run addr=20000000, run size=00000a3c bytes, compression=lzss
	.bss: load addr=00005e70, load size=00000008 bytes, run addr=20000e40, run size=00000206 bytes, compression=zero_init


LINKER GENERATED HANDLER TABLE

__TI_handler_table @ 00005e64 records: 3, size/record: 4, table size: 12
	index: 0, handler: __TI_decompress_lzss
	index: 1, handler: __TI_decompress_none
	index: 2, handler: __TI_zero_init


GLOBAL SYMBOLS: SORTED ALPHABETICALLY BY Name 

address   name                           
-------   ----                           
00005c99  ADC14_IRQHandler               
00002c1d  ADC_Init                       
00005c99  AES256_IRQHandler              
00005c99  BusFault_Handler               
00005cb1  C$$EXIT                        
0000593f  C$$IO$$                        
00005c99  COMP_E0_IRQHandler             
00005c99  COMP_E1_IRQHandler             
200009c8  CPMwait                        
00005c99  CS_IRQHandler                  
20000a24  CaptureTask2                   
200009c0  ClockFrequency                 
00003a11  Clock_Delay1ms                 
000039e7  Clock_Delay1us                 
000039d3  Clock_GetFreq                  
000038bd  Clock_Init48MHz                
20001038  Count0                         
2000103a  Count2                         
200009d4  Crystalstable                  
00005c99  DMA_ERR_IRQHandler             
00005c99  DMA_INT0_IRQHandler            
00005c99  DMA_INT1_IRQHandler            
00005c99  DMA_INT2_IRQHandler            
00005c99  DMA_INT3_IRQHandler            
20001044  Data                           
00005c99  DebugMon_Handler               
00005c99  Default_Handler                
00005b91  DisableInterrupts              
20001010  Done0                          
20001014  Done2                          
00005c99  EUSCIA0_IRQHandler             
00005c99  EUSCIA1_IRQHandler             
00005c99  EUSCIA2_IRQHandler             
00005c99  EUSCIA3_IRQHandler             
00005c99  EUSCIB0_IRQHandler             
00005c99  EUSCIB1_IRQHandler             
00005c99  EUSCIB2_IRQHandler             
00005c99  EUSCIB3_IRQHandler             
000015bd  EdgeTrigger_Init               
00001515  Eight_xunji0                   
0000146b  Eight_xunji1                   
000013df  Eight_xunji2                   
00001333  Eight_xunji3                   
00005b97  EnableInterrupts               
00005ba7  EndCritical                    
00005c99  FLCTL_IRQHandler               
00005c99  FPU_IRQHandler                 
20001018  FallingEdges1                  
2000101c  FallingEdges4                  
2000103c  First0                         
2000103e  First2                         
00005785  HOSTclose                      
00005129  HOSTlseek                      
000053f5  HOSTopen                       
000054b1  HOSTread                       
00005191  HOSTrename                     
000057c9  HOSTunlink                     
00005509  HOSTwrite                      
00005c99  HardFault_Handler              
200009d0  IFlags                         
000000e5  IR                             
20000998  LeftDuty                       
0000288d  LogicAnalyzer                  
00002897  LogicAnalyzer_P1               
0000296d  LogicAnalyzer_P10              
000028a5  LogicAnalyzer_P2               
000028b3  LogicAnalyzer_P2_7654          
000028c3  LogicAnalyzer_P3               
000028d1  LogicAnalyzer_P4               
000028ef  LogicAnalyzer_P4_765320        
000028df  LogicAnalyzer_P4_765432        
00002927  LogicAnalyzer_P5               
00002935  LogicAnalyzer_P6               
00002943  LogicAnalyzer_P7               
00002951  LogicAnalyzer_P8               
0000295f  LogicAnalyzer_P9               
20001045  LogicData                      
00005c99  MemManage_Handler              
20001000  Messageb                       
20001020  Messageindexb                  
00003e97  Motor_Backward                 
00003f3b  Motor_Forward                  
00003e25  Motor_Init                     
00003ec7  Motor_Left                     
00003f01  Motor_Right                    
00003e77  Motor_Stop                     
00005c99  NMI_Handler                    
00005c99  PCM_IRQHandler                 
00005c99  PORT1_IRQHandler               
00005c99  PORT2_IRQHandler               
00005c99  PORT3_IRQHandler               
00005c99  PORT4_IRQHandler               
00005c99  PORT5_IRQHandler               
00005c99  PORT6_IRQHandler               
00005c99  PSS_IRQHandler                 
0000377f  PWM_Duty1                      
0000379f  PWM_Duty2                      
00003843  PWM_Duty3                      
00003863  PWM_Duty4                      
00003695  PWM_Init1                      
000036fb  PWM_Init12                     
000037bf  PWM_Init34                     
00005c99  PendSV_Handler                 
20001040  Period0                        
20001042  Period2                        
00000c03  PeriodMeasure0                 
00000c65  PeriodMeasure2                 
20001024  PeriodicTask2                  
000029ff  PeriodicTask2_Init             
00002a79  PeriodicTask2_Stop             
200009cc  Postwait                       
200009c4  Prewait                        
00005c99  RTC_C_IRQHandler               
00003503  Reflectance_Center             
00003649  Reflectance_End                
00003461  Reflectance_Init               
00003545  Reflectance_Position           
000034a9  Reflectance_Read               
00003617  Reflectance_Start              
00005c8d  Reset_Handler                  
2000099c  RightDuty                      
00005c99  SVC_Handler                    
0000297b  Scope                          
00005b9d  StartCritical                  
20001028  Sum0                           
2000102c  Sum2                           
00005c99  SysTick_Handler                
20000a38  SystemCoreClock                
00002ebd  SystemCoreClockUpdate          
00003135  SystemInit                     
00002a69  T32_INT1_IRQHandler            
00002a69  T32_INT1_IRQHandler            
00005c99  T32_INT2_IRQHandler            
00005c99  T32_INTC_IRQHandler            
00005c99  TA0_0_IRQHandler               
00005c99  TA0_N_IRQHandler               
00005c99  TA1_0_IRQHandler               
00005c99  TA1_N_IRQHandler               
00005c99  TA2_0_IRQHandler               
000048a9  TA2_N_IRQHandler               
000048a9  TA2_N_IRQHandler               
00005c99  TA3_0_IRQHandler               
00005c99  TA3_N_IRQHandler               
00002bbb  TExaS_Clear0                   
00002bc7  TExaS_Clear1                   
00002bd3  TExaS_Clear2                   
00002bdf  TExaS_Clear3                   
00002beb  TExaS_Clear4                   
00002bed  TExaS_Clear5                   
00002bf9  TExaS_Clear6                   
00002cf9  TExaS_Init                     
20000a14  TExaS_ScopeErrConflict         
20000a10  TExaS_ScopeErrLostData         
20000a18  TExaS_ScopeWrnReconfig         
00002b59  TExaS_Set                      
00002b71  TExaS_Set0                     
00002b7d  TExaS_Set1                     
00002b89  TExaS_Set2                     
00002b95  TExaS_Set3                     
00002ba1  TExaS_Set4                     
00002ba3  TExaS_Set5                     
00002baf  TExaS_Set6                     
00002e59  TExaS_Stop                     
00002b0f  TExaS_Task0                    
00002b1b  TExaS_Task1                    
00002b27  TExaS_Task2                    
00002b33  TExaS_Task3                    
00002b3f  TExaS_Task4                    
00002b41  TExaS_Task5                    
00002b4d  TExaS_Task6                    
20001030  Time                           
0000482d  TimerA2Capture_Init            
00002217  UART0_InChar                   
000026a1  UART0_InString                 
00002261  UART0_InUDec                   
00002555  UART0_InUHex                   
000021d1  UART0_Init                     
00002801  UART0_Initprintf               
00002227  UART0_OutChar                  
00002243  UART0_OutString                
000022e5  UART0_OutUDec                  
00002451  UART0_OutUDec4                 
000024a5  UART0_OutUDec5                 
000024e1  UART0_OutUFix1                 
00002509  UART0_OutUFix2                 
00002619  UART0_OutUHex                  
00002685  UART0_OutUHex2                 
00002ae3  UART_InChar                    
00002a89  UART_Init                      
00002af3  UART_OutChar                   
00005c99  UsageFault_Handler             
4000480c  WDTCTL_SYM                     
00005c99  WDT_A_IRQHandler               
00005baf  WaitForInterrupt               
20000e40  __CIOBUF_                      
20010000  __STACK_END                    
00000200  __STACK_SIZE                   
00000400  __SYSMEM_SIZE                  
00005e78  __TI_CINIT_Base                
00005e88  __TI_CINIT_Limit               
00005e64  __TI_Handler_Table_Base        
00005e70  __TI_Handler_Table_Limit       
0000580d  __TI_auto_init_nobinit_nopinit 
000059f1  __TI_cleanup                   
200009f8  __TI_cleanup_ptr               
00005045  __TI_closefile                 
000051f9  __TI_decompress_lzss           
00005c7f  __TI_decompress_none           
0000565d  __TI_doflush                   
200009fc  __TI_dtors_ptr                 
20000a00  __TI_enable_exit_profile_output
200009d8  __TI_ft_end                    
ffffffff  __TI_pprof_out_hndl            
00001771  __TI_printfi                   
ffffffff  __TI_prof_data_size            
ffffffff  __TI_prof_data_start           
00005a25  __TI_readmsg                   
00000000  __TI_static_base__             
20000f60  __TI_tmpnams                   
00005911  __TI_writemsg                  
00005391  __TI_wrt_ok                    
00005c5b  __TI_zero_init_nomemset        
00004e45  __aeabi_cdcmpeq                
00004e45  __aeabi_cdcmple                
00004ecb  __aeabi_cdrcmple               
0000573d  __aeabi_d2iz                   
00003c77  __aeabi_dadd                   
000040f5  __aeabi_ddiv                   
00004571  __aeabi_dmul                   
00003c6d  __aeabi_dsub                   
00005c9d  __aeabi_errno_addr             
00005abd  __aeabi_i2d                    
00003e23  __aeabi_idiv0                  
00003e23  __aeabi_ldiv0                  
00004f51  __aeabi_memclr                 
00004f51  __aeabi_memclr4                
00004f51  __aeabi_memclr8                
00004c85  __aeabi_memcpy                 
00004c85  __aeabi_memcpy4                
00004c85  __aeabi_memcpy8                
00004f53  __aeabi_memset                 
00004f53  __aeabi_memset4                
00004f53  __aeabi_memset8                
200009e4  __aeabi_stderr                 
200009dc  __aeabi_stdin                  
200009e0  __aeabi_stdout                 
00004d21  __aeabi_uldivmod               
ffffffff  __binit__                      
ffffffff  __c_args__                     
UNDEFED   __mpu_init                     
2000fe00  __stack                        
00005949  _c_int00_noargs                
00005cb4  _ctypes_                       
200008c0  _device                        
200007d0  _ftable                        
20000a1c  _lock                          
000021cf  _nop                           
20000938  _stream                        
20000a40  _sys_memory                    
UNDEFED   _system_post_cinit             
00005cad  _system_pre_init               
20000a20  _unlock                        
00005cb1  abort                          
00004a7d  add_device                     
000056a9  atoi                           
ffffffff  binit                          
20000000  buf                            
00005455  close                          
00005c1f  copysign                       
00005c1f  copysignl                      
000039d9  delay                          
200009a0  e                              
20000a2c  errno                          
000056f5  exit                           
0000273b  ferror                         
0000271b  fgetc                          
00005a8d  finddevice                     
00004be9  fopen                          
00004db9  fputc                          
0000434d  fputs                          
00004749  free                           
00005a59  freopen                        
000052c9  frexp                          
000052c9  frexpl                         
0000532d  fseek                          
00005851  getdevice                      
20000988  i                              
00000000  interruptVectors               
00004461  ldexp                          
00004461  ldexpl                         
00005b19  lseek                          
000055b7  ltoa                           
00001639  main                           
00004fcd  malloc                         
00005bd5  memccpy                        
00005bb5  memchr                         
00004c85  memcpy                         
00004f59  memset                         
00005981  minit                          
20000990  n                              
200009a4  o                              
000049c1  open                           
0000265d  outnibble                      
2000098c  p                              
20001008  parmbuf                        
00005261  printf                         
00004db9  putc                           
00005aed  remove                         
00004461  scalbn                         
00004461  scalbnl                        
0000466d  setvbuf                        
00005c09  strchr                         
00005bf1  strcmp                         
00005c33  strcpy                         
00005c47  strlen                         
000059b9  strncpy                        
00004821  ta2dummy                       
20000994  u                              
00002759  uart_close                     
000027d7  uart_lseek                     
00002749  uart_open                      
0000276b  uart_read                      
000027f3  uart_rename                    
000027e7  uart_unlink                    
00002795  uart_write                     
00005aed  unlink                         
20000995  v                              
00005c6d  wcslen                         
00005b69  write                          
00001219  xunji0                         
00001251  xunji1                         
000012bd  xunji2                         
000012f9  xunji3                         
20001034  z                              
00000dd5  zou                            


GLOBAL SYMBOLS: SORTED BY Symbol Address 

address   name                           
-------   ----                           
00000000  __TI_static_base__             
00000000  interruptVectors               
000000e5  IR                             
00000200  __STACK_SIZE                   
00000400  __SYSMEM_SIZE                  
00000c03  PeriodMeasure0                 
00000c65  PeriodMeasure2                 
00000dd5  zou                            
00001219  xunji0                         
00001251  xunji1                         
000012bd  xunji2                         
000012f9  xunji3                         
00001333  Eight_xunji3                   
000013df  Eight_xunji2                   
0000146b  Eight_xunji1                   
00001515  Eight_xunji0                   
000015bd  EdgeTrigger_Init               
00001639  main                           
00001771  __TI_printfi                   
000021cf  _nop                           
000021d1  UART0_Init                     
00002217  UART0_InChar                   
00002227  UART0_OutChar                  
00002243  UART0_OutString                
00002261  UART0_InUDec                   
000022e5  UART0_OutUDec                  
00002451  UART0_OutUDec4                 
000024a5  UART0_OutUDec5                 
000024e1  UART0_OutUFix1                 
00002509  UART0_OutUFix2                 
00002555  UART0_InUHex                   
00002619  UART0_OutUHex                  
0000265d  outnibble                      
00002685  UART0_OutUHex2                 
000026a1  UART0_InString                 
0000271b  fgetc                          
0000273b  ferror                         
00002749  uart_open                      
00002759  uart_close                     
0000276b  uart_read                      
00002795  uart_write                     
000027d7  uart_lseek                     
000027e7  uart_unlink                    
000027f3  uart_rename                    
00002801  UART0_Initprintf               
0000288d  LogicAnalyzer                  
00002897  LogicAnalyzer_P1               
000028a5  LogicAnalyzer_P2               
000028b3  LogicAnalyzer_P2_7654          
000028c3  LogicAnalyzer_P3               
000028d1  LogicAnalyzer_P4               
000028df  LogicAnalyzer_P4_765432        
000028ef  LogicAnalyzer_P4_765320        
00002927  LogicAnalyzer_P5               
00002935  LogicAnalyzer_P6               
00002943  LogicAnalyzer_P7               
00002951  LogicAnalyzer_P8               
0000295f  LogicAnalyzer_P9               
0000296d  LogicAnalyzer_P10              
0000297b  Scope                          
000029ff  PeriodicTask2_Init             
00002a69  T32_INT1_IRQHandler            
00002a69  T32_INT1_IRQHandler            
00002a79  PeriodicTask2_Stop             
00002a89  UART_Init                      
00002ae3  UART_InChar                    
00002af3  UART_OutChar                   
00002b0f  TExaS_Task0                    
00002b1b  TExaS_Task1                    
00002b27  TExaS_Task2                    
00002b33  TExaS_Task3                    
00002b3f  TExaS_Task4                    
00002b41  TExaS_Task5                    
00002b4d  TExaS_Task6                    
00002b59  TExaS_Set                      
00002b71  TExaS_Set0                     
00002b7d  TExaS_Set1                     
00002b89  TExaS_Set2                     
00002b95  TExaS_Set3                     
00002ba1  TExaS_Set4                     
00002ba3  TExaS_Set5                     
00002baf  TExaS_Set6                     
00002bbb  TExaS_Clear0                   
00002bc7  TExaS_Clear1                   
00002bd3  TExaS_Clear2                   
00002bdf  TExaS_Clear3                   
00002beb  TExaS_Clear4                   
00002bed  TExaS_Clear5                   
00002bf9  TExaS_Clear6                   
00002c1d  ADC_Init                       
00002cf9  TExaS_Init                     
00002e59  TExaS_Stop                     
00002ebd  SystemCoreClockUpdate          
00003135  SystemInit                     
00003461  Reflectance_Init               
000034a9  Reflectance_Read               
00003503  Reflectance_Center             
00003545  Reflectance_Position           
00003617  Reflectance_Start              
00003649  Reflectance_End                
00003695  PWM_Init1                      
000036fb  PWM_Init12                     
0000377f  PWM_Duty1                      
0000379f  PWM_Duty2                      
000037bf  PWM_Init34                     
00003843  PWM_Duty3                      
00003863  PWM_Duty4                      
000038bd  Clock_Init48MHz                
000039d3  Clock_GetFreq                  
000039d9  delay                          
000039e7  Clock_Delay1us                 
00003a11  Clock_Delay1ms                 
00003c6d  __aeabi_dsub                   
00003c77  __aeabi_dadd                   
00003e23  __aeabi_idiv0                  
00003e23  __aeabi_ldiv0                  
00003e25  Motor_Init                     
00003e77  Motor_Stop                     
00003e97  Motor_Backward                 
00003ec7  Motor_Left                     
00003f01  Motor_Right                    
00003f3b  Motor_Forward                  
000040f5  __aeabi_ddiv                   
0000434d  fputs                          
00004461  ldexp                          
00004461  ldexpl                         
00004461  scalbn                         
00004461  scalbnl                        
00004571  __aeabi_dmul                   
0000466d  setvbuf                        
00004749  free                           
00004821  ta2dummy                       
0000482d  TimerA2Capture_Init            
000048a9  TA2_N_IRQHandler               
000048a9  TA2_N_IRQHandler               
000049c1  open                           
00004a7d  add_device                     
00004be9  fopen                          
00004c85  __aeabi_memcpy                 
00004c85  __aeabi_memcpy4                
00004c85  __aeabi_memcpy8                
00004c85  memcpy                         
00004d21  __aeabi_uldivmod               
00004db9  fputc                          
00004db9  putc                           
00004e45  __aeabi_cdcmpeq                
00004e45  __aeabi_cdcmple                
00004ecb  __aeabi_cdrcmple               
00004f51  __aeabi_memclr                 
00004f51  __aeabi_memclr4                
00004f51  __aeabi_memclr8                
00004f53  __aeabi_memset                 
00004f53  __aeabi_memset4                
00004f53  __aeabi_memset8                
00004f59  memset                         
00004fcd  malloc                         
00005045  __TI_closefile                 
00005129  HOSTlseek                      
00005191  HOSTrename                     
000051f9  __TI_decompress_lzss           
00005261  printf                         
000052c9  frexp                          
000052c9  frexpl                         
0000532d  fseek                          
00005391  __TI_wrt_ok                    
000053f5  HOSTopen                       
00005455  close                          
000054b1  HOSTread                       
00005509  HOSTwrite                      
000055b7  ltoa                           
0000565d  __TI_doflush                   
000056a9  atoi                           
000056f5  exit                           
0000573d  __aeabi_d2iz                   
00005785  HOSTclose                      
000057c9  HOSTunlink                     
0000580d  __TI_auto_init_nobinit_nopinit 
00005851  getdevice                      
00005911  __TI_writemsg                  
0000593f  C$$IO$$                        
00005949  _c_int00_noargs                
00005981  minit                          
000059b9  strncpy                        
000059f1  __TI_cleanup                   
00005a25  __TI_readmsg                   
00005a59  freopen                        
00005a8d  finddevice                     
00005abd  __aeabi_i2d                    
00005aed  remove                         
00005aed  unlink                         
00005b19  lseek                          
00005b69  write                          
00005b91  DisableInterrupts              
00005b97  EnableInterrupts               
00005b9d  StartCritical                  
00005ba7  EndCritical                    
00005baf  WaitForInterrupt               
00005bb5  memchr                         
00005bd5  memccpy                        
00005bf1  strcmp                         
00005c09  strchr                         
00005c1f  copysign                       
00005c1f  copysignl                      
00005c33  strcpy                         
00005c47  strlen                         
00005c5b  __TI_zero_init_nomemset        
00005c6d  wcslen                         
00005c7f  __TI_decompress_none           
00005c8d  Reset_Handler                  
00005c99  ADC14_IRQHandler               
00005c99  AES256_IRQHandler              
00005c99  BusFault_Handler               
00005c99  COMP_E0_IRQHandler             
00005c99  COMP_E1_IRQHandler             
00005c99  CS_IRQHandler                  
00005c99  DMA_ERR_IRQHandler             
00005c99  DMA_INT0_IRQHandler            
00005c99  DMA_INT1_IRQHandler            
00005c99  DMA_INT2_IRQHandler            
00005c99  DMA_INT3_IRQHandler            
00005c99  DebugMon_Handler               
00005c99  Default_Handler                
00005c99  EUSCIA0_IRQHandler             
00005c99  EUSCIA1_IRQHandler             
00005c99  EUSCIA2_IRQHandler             
00005c99  EUSCIA3_IRQHandler             
00005c99  EUSCIB0_IRQHandler             
00005c99  EUSCIB1_IRQHandler             
00005c99  EUSCIB2_IRQHandler             
00005c99  EUSCIB3_IRQHandler             
00005c99  FLCTL_IRQHandler               
00005c99  FPU_IRQHandler                 
00005c99  HardFault_Handler              
00005c99  MemManage_Handler              
00005c99  NMI_Handler                    
00005c99  PCM_IRQHandler                 
00005c99  PORT1_IRQHandler               
00005c99  PORT2_IRQHandler               
00005c99  PORT3_IRQHandler               
00005c99  PORT4_IRQHandler               
00005c99  PORT5_IRQHandler               
00005c99  PORT6_IRQHandler               
00005c99  PSS_IRQHandler                 
00005c99  PendSV_Handler                 
00005c99  RTC_C_IRQHandler               
00005c99  SVC_Handler                    
00005c99  SysTick_Handler                
00005c99  T32_INT2_IRQHandler            
00005c99  T32_INTC_IRQHandler            
00005c99  TA0_0_IRQHandler               
00005c99  TA0_N_IRQHandler               
00005c99  TA1_0_IRQHandler               
00005c99  TA1_N_IRQHandler               
00005c99  TA2_0_IRQHandler               
00005c99  TA3_0_IRQHandler               
00005c99  TA3_N_IRQHandler               
00005c99  UsageFault_Handler             
00005c99  WDT_A_IRQHandler               
00005c9d  __aeabi_errno_addr             
00005cad  _system_pre_init               
00005cb1  C$$EXIT                        
00005cb1  abort                          
00005cb4  _ctypes_                       
00005e64  __TI_Handler_Table_Base        
00005e70  __TI_Handler_Table_Limit       
00005e78  __TI_CINIT_Base                
00005e88  __TI_CINIT_Limit               
20000000  buf                            
200007d0  _ftable                        
200008c0  _device                        
20000938  _stream                        
20000988  i                              
2000098c  p                              
20000990  n                              
20000994  u                              
20000995  v                              
20000998  LeftDuty                       
2000099c  RightDuty                      
200009a0  e                              
200009a4  o                              
200009c0  ClockFrequency                 
200009c4  Prewait                        
200009c8  CPMwait                        
200009cc  Postwait                       
200009d0  IFlags                         
200009d4  Crystalstable                  
200009d8  __TI_ft_end                    
200009dc  __aeabi_stdin                  
200009e0  __aeabi_stdout                 
200009e4  __aeabi_stderr                 
200009f8  __TI_cleanup_ptr               
200009fc  __TI_dtors_ptr                 
20000a00  __TI_enable_exit_profile_output
20000a10  TExaS_ScopeErrLostData         
20000a14  TExaS_ScopeErrConflict         
20000a18  TExaS_ScopeWrnReconfig         
20000a1c  _lock                          
20000a20  _unlock                        
20000a24  CaptureTask2                   
20000a2c  errno                          
20000a38  SystemCoreClock                
20000a40  _sys_memory                    
20000e40  __CIOBUF_                      
20000f60  __TI_tmpnams                   
20001000  Messageb                       
20001008  parmbuf                        
20001010  Done0                          
20001014  Done2                          
20001018  FallingEdges1                  
2000101c  FallingEdges4                  
20001020  Messageindexb                  
20001024  PeriodicTask2                  
20001028  Sum0                           
2000102c  Sum2                           
20001030  Time                           
20001034  z                              
20001038  Count0                         
2000103a  Count2                         
2000103c  First0                         
2000103e  First2                         
20001040  Period0                        
20001042  Period2                        
20001044  Data                           
20001045  LogicData                      
2000fe00  __stack                        
20010000  __STACK_END                    
4000480c  WDTCTL_SYM                     
ffffffff  __TI_pprof_out_hndl            
ffffffff  __TI_prof_data_size            
ffffffff  __TI_prof_data_start           
ffffffff  __binit__                      
ffffffff  __c_args__                     
ffffffff  binit                          
UNDEFED   __mpu_init                     
UNDEFED   _system_post_cinit             

[335 symbols]
